[rosmaster.main][INFO] 2025-09-15 15:27:52,571: initialization complete, waiting for shutdown
[rosmaster.main][INFO] 2025-09-15 15:27:52,571: Starting ROS Master Node
[xmlrpc][INFO] 2025-09-15 15:27:52,574: XML-RPC server binding to 0.0.0.0:11311
[xmlrpc][INFO] 2025-09-15 15:27:52,574: Started XML-RPC server [http://Na:11311/]
[xmlrpc][INFO] 2025-09-15 15:27:52,574: xml rpc node: starting XML-RPC server
[rosmaster.master][INFO] 2025-09-15 15:27:52,575: Master initialized: port[11311], uri[http://Na:11311/]
[rosmaster.master][INFO] 2025-09-15 15:27:52,669: +PARAM [/run_id] by /roslaunch
[rosmaster.master][INFO] 2025-09-15 15:27:52,671: +PARAM [/roslaunch/uris/host_na__41533] by /roslaunch
[rosmaster.master][INFO] 2025-09-15 15:27:52,713: +PARAM [/rosversion] by /roslaunch
[rosmaster.master][INFO] 2025-09-15 15:27:52,713: +PARAM [/rosdistro] by /roslaunch
[rosmaster.master][INFO] 2025-09-15 15:27:52,713: +PARAM [/rosbridge_websocket/authenticate] by /roslaunch
[rosmaster.master][INFO] 2025-09-15 15:27:52,713: +PARAM [/rosbridge_websocket/port] by /roslaunch
[rosmaster.master][INFO] 2025-09-15 15:27:52,713: +PARAM [/rosbridge_websocket/address] by /roslaunch
[rosmaster.master][INFO] 2025-09-15 15:27:52,713: +PARAM [/rosbridge_websocket/retry_startup_delay] by /roslaunch
[rosmaster.master][INFO] 2025-09-15 15:27:52,713: +PARAM [/rosbridge_websocket/fragment_timeout] by /roslaunch
[rosmaster.master][INFO] 2025-09-15 15:27:52,714: +PARAM [/rosbridge_websocket/delay_between_messages] by /roslaunch
[rosmaster.master][INFO] 2025-09-15 15:27:52,714: +PARAM [/rosbridge_websocket/max_message_size] by /roslaunch
[rosmaster.master][INFO] 2025-09-15 15:27:52,714: +PARAM [/rosbridge_websocket/unregister_timeout] by /roslaunch
[rosmaster.master][INFO] 2025-09-15 15:27:52,714: +PARAM [/rosbridge_websocket/use_compression] by /roslaunch
[rosmaster.master][INFO] 2025-09-15 15:27:52,714: +PARAM [/rosbridge_websocket/websocket_ping_interval] by /roslaunch
[rosmaster.master][INFO] 2025-09-15 15:27:52,714: +PARAM [/rosbridge_websocket/websocket_ping_timeout] by /roslaunch
[rosmaster.master][INFO] 2025-09-15 15:27:52,714: +PARAM [/rosbridge_websocket/websocket_external_port] by /roslaunch
[rosmaster.master][INFO] 2025-09-15 15:27:52,714: +PARAM [/rosbridge_websocket/topics_glob] by /roslaunch
[rosmaster.master][INFO] 2025-09-15 15:27:52,714: +PARAM [/rosbridge_websocket/services_glob] by /roslaunch
[rosmaster.master][INFO] 2025-09-15 15:27:52,714: +PARAM [/rosbridge_websocket/params_glob] by /roslaunch
[rosmaster.master][INFO] 2025-09-15 15:27:52,714: +PARAM [/rosbridge_websocket/bson_only_mode] by /roslaunch
[rosmaster.master][INFO] 2025-09-15 15:27:52,715: +PARAM [/rosapi/topics_glob] by /roslaunch
[rosmaster.master][INFO] 2025-09-15 15:27:52,715: +PARAM [/rosapi/services_glob] by /roslaunch
[rosmaster.master][INFO] 2025-09-15 15:27:52,715: +PARAM [/rosapi/params_glob] by /roslaunch
[rosmaster.master][INFO] 2025-09-15 15:27:52,762: +SERVICE [/rosout/get_loggers] /rosout http://Na:43033/
[rosmaster.master][INFO] 2025-09-15 15:27:52,763: +SERVICE [/rosout/set_logger_level] /rosout http://Na:43033/
[rosmaster.master][INFO] 2025-09-15 15:27:52,765: +PUB [/rosout_agg] /rosout http://Na:43033/
[rosmaster.master][INFO] 2025-09-15 15:27:52,770: +SUB [/rosout] /rosout http://Na:43033/
[rosmaster.master][INFO] 2025-09-15 15:27:53,231: +PUB [/rosout] /rosapi http://Na:34117/
[rosmaster.master][INFO] 2025-09-15 15:27:53,235: +SERVICE [/rosapi/get_loggers] /rosapi http://Na:34117/
[rosmaster.master][INFO] 2025-09-15 15:27:53,236: +SERVICE [/rosapi/set_logger_level] /rosapi http://Na:34117/
[rosmaster.master][INFO] 2025-09-15 15:27:53,239: +SERVICE [/rosapi/topics] /rosapi http://Na:34117/
[rosmaster.master][INFO] 2025-09-15 15:27:53,240: +SERVICE [/rosapi/topics_for_type] /rosapi http://Na:34117/
[rosmaster.master][INFO] 2025-09-15 15:27:53,241: +SERVICE [/rosapi/services] /rosapi http://Na:34117/
[rosmaster.master][INFO] 2025-09-15 15:27:53,242: +SERVICE [/rosapi/services_for_type] /rosapi http://Na:34117/
[rosmaster.master][INFO] 2025-09-15 15:27:53,244: +SERVICE [/rosapi/nodes] /rosapi http://Na:34117/
[rosmaster.master][INFO] 2025-09-15 15:27:53,245: +SERVICE [/rosapi/node_details] /rosapi http://Na:34117/
[rosmaster.master][INFO] 2025-09-15 15:27:53,246: +SERVICE [/rosapi/action_servers] /rosapi http://Na:34117/
[rosmaster.master][INFO] 2025-09-15 15:27:53,247: +SERVICE [/rosapi/topic_type] /rosapi http://Na:34117/
[rosmaster.master][INFO] 2025-09-15 15:27:53,248: +SERVICE [/rosapi/service_type] /rosapi http://Na:34117/
[rosmaster.master][INFO] 2025-09-15 15:27:53,249: +SERVICE [/rosapi/publishers] /rosapi http://Na:34117/
[rosmaster.master][INFO] 2025-09-15 15:27:53,250: +SERVICE [/rosapi/subscribers] /rosapi http://Na:34117/
[rosmaster.master][INFO] 2025-09-15 15:27:53,251: +SERVICE [/rosapi/service_providers] /rosapi http://Na:34117/
[rosmaster.master][INFO] 2025-09-15 15:27:53,251: +SERVICE [/rosapi/service_node] /rosapi http://Na:34117/
[rosmaster.master][INFO] 2025-09-15 15:27:53,252: +SERVICE [/rosapi/service_host] /rosapi http://Na:34117/
[rosmaster.master][INFO] 2025-09-15 15:27:53,253: +SERVICE [/rosapi/message_details] /rosapi http://Na:34117/
[rosmaster.master][INFO] 2025-09-15 15:27:53,254: +SERVICE [/rosapi/service_request_details] /rosapi http://Na:34117/
[rosmaster.master][INFO] 2025-09-15 15:27:53,255: +SERVICE [/rosapi/service_response_details] /rosapi http://Na:34117/
[rosmaster.master][INFO] 2025-09-15 15:27:53,256: +SERVICE [/rosapi/set_param] /rosapi http://Na:34117/
[rosmaster.master][INFO] 2025-09-15 15:27:53,257: +SERVICE [/rosapi/get_param] /rosapi http://Na:34117/
[rosmaster.master][INFO] 2025-09-15 15:27:53,258: +SERVICE [/rosapi/has_param] /rosapi http://Na:34117/
[rosmaster.master][INFO] 2025-09-15 15:27:53,259: +SERVICE [/rosapi/search_param] /rosapi http://Na:34117/
[rosmaster.master][INFO] 2025-09-15 15:27:53,260: +SERVICE [/rosapi/delete_param] /rosapi http://Na:34117/
[rosmaster.master][INFO] 2025-09-15 15:27:53,261: +SERVICE [/rosapi/get_param_names] /rosapi http://Na:34117/
[rosmaster.master][INFO] 2025-09-15 15:27:53,262: +SERVICE [/rosapi/get_time] /rosapi http://Na:34117/
[rosmaster.master][INFO] 2025-09-15 15:27:53,263: +SERVICE [/rosapi/topics_and_raw_types] /rosapi http://Na:34117/
[rosmaster.master][INFO] 2025-09-15 15:27:53,264: +CACHEDPARAM [/rosout_disable_topics_generation] by /rosapi
[rosmaster.master][INFO] 2025-09-15 15:27:53,274: publisherUpdate[/rosout] -> http://Na:43033/ ['http://Na:34117/']
[rosmaster.master][INFO] 2025-09-15 15:27:53,279: publisherUpdate[/rosout] -> http://Na:43033/ ['http://Na:34117/']: sec=0.01, result=[1, '', 0]
[rosmaster.master][INFO] 2025-09-15 15:27:53,461: +PUB [/rosout] /rosbridge_websocket http://Na:36755/
[rosmaster.master][INFO] 2025-09-15 15:27:53,465: +SERVICE [/rosbridge_websocket/get_loggers] /rosbridge_websocket http://Na:36755/
[rosmaster.master][INFO] 2025-09-15 15:27:53,466: +SERVICE [/rosbridge_websocket/set_logger_level] /rosbridge_websocket http://Na:36755/
[rosmaster.master][INFO] 2025-09-15 15:27:53,476: publisherUpdate[/rosout] -> http://Na:43033/ ['http://Na:34117/', 'http://Na:36755/']
[rosmaster.master][INFO] 2025-09-15 15:27:53,480: publisherUpdate[/rosout] -> http://Na:43033/ ['http://Na:34117/', 'http://Na:36755/']: sec=0.00, result=[1, '', 0]
[rosmaster.master][INFO] 2025-09-15 15:27:53,482: +CACHEDPARAM [/rosout/omit_topics] by /rosout
[rosmaster.master][INFO] 2025-09-15 15:27:53,483: +PUB [/client_count] /rosbridge_websocket http://Na:36755/
[rosmaster.master][INFO] 2025-09-15 15:27:53,484: +PUB [/connected_clients] /rosbridge_websocket http://Na:36755/
[rosmaster.master][INFO] 2025-09-15 15:27:53,488: +PARAM [/rosbridge_websocket/actual_port] by /rosbridge_websocket
[rosmaster.master][INFO] 2025-09-15 15:27:53,490: +CACHEDPARAM [/rosout_disable_topics_generation] by /rosbridge_websocket
[rosmaster.master][INFO] 2025-09-15 15:28:34,723: +CACHEDPARAM [/rosout_disable_topics_generation] by /rosbridge_websocket
[rosmaster.master][INFO] 2025-09-15 15:28:34,728: +CACHEDPARAM [/rosout_disable_topics_generation] by /rosbridge_websocket
[rosmaster.master][INFO] 2025-09-15 15:28:34,731: +CACHEDPARAM [/rosout_disable_topics_generation] by /rosbridge_websocket
[rosmaster.master][INFO] 2025-09-15 15:28:34,734: +CACHEDPARAM [/rosout_disable_topics_generation] by /rosbridge_websocket
[rosmaster.master][INFO] 2025-09-15 15:28:34,739: +CACHEDPARAM [/rosout_disable_topics_generation] by /rosbridge_websocket
[rosmaster.master][INFO] 2025-09-15 15:28:34,742: +CACHEDPARAM [/rosout_disable_topics_generation] by /rosbridge_websocket
[rosmaster.master][INFO] 2025-09-15 15:28:34,747: +CACHEDPARAM [/rosout_disable_topics_generation] by /rosbridge_websocket
[rosmaster.master][INFO] 2025-09-15 15:28:34,750: +CACHEDPARAM [/rosout_disable_topics_generation] by /rosbridge_websocket
[rosmaster.master][INFO] 2025-09-15 15:28:35,720: +CACHEDPARAM [/rosout_disable_topics_generation] by /rosbridge_websocket
[rosmaster.master][INFO] 2025-09-15 15:28:36,093: +PUB [/clock] /rosbridge_websocket http://Na:36755/
[rosmaster.master][INFO] 2025-09-15 15:28:36,156: +PUB [/tf] /rosbridge_websocket http://Na:36755/
[rosmaster.master][INFO] 2025-09-15 15:28:36,202: +PUB [/Competition_topic] /rosbridge_websocket http://Na:36755/
[rosmaster.master][INFO] 2025-09-15 15:28:36,204: +PUB [/CollisionData] /rosbridge_websocket http://Na:36755/
[rosmaster.master][INFO] 2025-09-15 15:28:36,206: +PUB [/Object_topic] /rosbridge_websocket http://Na:36755/
[rosmaster.master][INFO] 2025-09-15 15:28:36,207: +PUB [/Ego_topic] /rosbridge_websocket http://Na:36755/
[rosmaster.master][INFO] 2025-09-15 15:28:36,732: +SUB [/ctrl_cmd] /rosbridge_websocket http://Na:36755/
[rosmaster.master][INFO] 2025-09-15 15:28:36,734: +CACHEDPARAM [/rosout_disable_topics_generation] by /rosbridge_websocket
[rosmaster.master][INFO] 2025-09-15 15:28:36,783: +SERVICE [/Service_MoraiEventCmd] /rosbridge_websocket http://Na:36755/
[rosmaster.master][INFO] 2025-09-15 15:28:36,785: +CACHEDPARAM [/rosout_disable_topics_generation] by /rosbridge_websocket
[rosmaster.master][INFO] 2025-09-15 15:28:37,119: +CACHEDPARAM [/rosout_disable_topics_generation] by /rosbridge_websocket
[rosmaster.master][INFO] 2025-09-15 15:28:38,157: +PUB [/image_jpeg/compressed] /rosbridge_websocket http://Na:36755/
[rosmaster.master][INFO] 2025-09-15 15:36:46,602: +SERVICE [/rostopic_301_1757918206256/get_loggers] /rostopic_301_1757918206256 http://Na:34859/
[rosmaster.master][INFO] 2025-09-15 15:36:46,605: +SERVICE [/rostopic_301_1757918206256/set_logger_level] /rostopic_301_1757918206256 http://Na:34859/
[rosmaster.master][INFO] 2025-09-15 15:36:46,606: +PUB [/ctrl_cmd] /rostopic_301_1757918206256 http://Na:34859/
[rosmaster.master][INFO] 2025-09-15 15:36:46,628: publisherUpdate[/ctrl_cmd] -> http://Na:36755/ ['http://Na:34859/']
[rosmaster.master][INFO] 2025-09-15 15:36:46,633: publisherUpdate[/ctrl_cmd] -> http://Na:36755/ ['http://Na:34859/']: sec=0.00, result=[1, '', 0]
[rosmaster.master][INFO] 2025-09-15 15:40:11,890: -SUB [/ctrl_cmd] /rosbridge_websocket http://Na:36755/
[rosmaster.master][INFO] 2025-09-15 15:40:11,892: -PUB [/rosout] /rosapi http://Na:34117/
[rosmaster.master][INFO] 2025-09-15 15:40:11,893: -PUB [/rosout] /rosbridge_websocket http://Na:36755/
[rosmaster.master][INFO] 2025-09-15 15:40:11,893: -PUB [/client_count] /rosbridge_websocket http://Na:36755/
[rosmaster.master][INFO] 2025-09-15 15:40:11,893: -PUB [/connected_clients] /rosbridge_websocket http://Na:36755/
[rosmaster.master][INFO] 2025-09-15 15:40:11,894: -PUB [/clock] /rosbridge_websocket http://Na:36755/
[rosmaster.master][INFO] 2025-09-15 15:40:11,894: -SERVICE [/rosapi/get_loggers] /rosapi rosrpc://Na:36737
[rosmaster.master][INFO] 2025-09-15 15:40:11,894: -PUB [/tf] /rosbridge_websocket http://Na:36755/
[rosmaster.master][INFO] 2025-09-15 15:40:11,894: -SERVICE [/rosapi/set_logger_level] /rosapi rosrpc://Na:36737
[rosmaster.master][INFO] 2025-09-15 15:40:11,895: -PUB [/Competition_topic] /rosbridge_websocket http://Na:36755/
[rosmaster.master][INFO] 2025-09-15 15:40:11,895: -SERVICE [/rosapi/topics] /rosapi rosrpc://Na:36737
[rosmaster.master][INFO] 2025-09-15 15:40:11,896: -SERVICE [/rosapi/topics_for_type] /rosapi rosrpc://Na:36737
[rosmaster.master][INFO] 2025-09-15 15:40:11,896: -PUB [/CollisionData] /rosbridge_websocket http://Na:36755/
[rosmaster.master][INFO] 2025-09-15 15:40:11,896: -SERVICE [/rosapi/services] /rosapi rosrpc://Na:36737
[rosmaster.master][INFO] 2025-09-15 15:40:11,897: -PUB [/Object_topic] /rosbridge_websocket http://Na:36755/
[rosmaster.master][INFO] 2025-09-15 15:40:11,897: -SERVICE [/rosapi/services_for_type] /rosapi rosrpc://Na:36737
[rosmaster.master][INFO] 2025-09-15 15:40:11,897: -PUB [/Ego_topic] /rosbridge_websocket http://Na:36755/
[rosmaster.master][INFO] 2025-09-15 15:40:11,897: -PUB [/image_jpeg/compressed] /rosbridge_websocket http://Na:36755/
[rosmaster.master][INFO] 2025-09-15 15:40:11,897: -SERVICE [/rosbridge_websocket/get_loggers] /rosbridge_websocket rosrpc://Na:40413
[rosmaster.master][INFO] 2025-09-15 15:40:11,898: -SERVICE [/rosapi/nodes] /rosapi rosrpc://Na:36737
[rosmaster.master][INFO] 2025-09-15 15:40:11,898: -SERVICE [/rosbridge_websocket/set_logger_level] /rosbridge_websocket rosrpc://Na:40413
[rosmaster.master][INFO] 2025-09-15 15:40:11,898: -SERVICE [/Service_MoraiEventCmd] /rosbridge_websocket rosrpc://Na:40413
[rosmaster.master][INFO] 2025-09-15 15:40:11,899: -SERVICE [/rosapi/node_details] /rosapi rosrpc://Na:36737
[rosmaster.master][INFO] 2025-09-15 15:40:11,899: -SERVICE [/rosapi/action_servers] /rosapi rosrpc://Na:36737
[rosmaster.master][INFO] 2025-09-15 15:40:11,899: -SERVICE [/rosapi/topic_type] /rosapi rosrpc://Na:36737
[rosmaster.master][INFO] 2025-09-15 15:40:11,899: -SERVICE [/rosapi/service_type] /rosapi rosrpc://Na:36737
[rosmaster.master][INFO] 2025-09-15 15:40:11,899: -SERVICE [/rosapi/publishers] /rosapi rosrpc://Na:36737
[rosmaster.master][INFO] 2025-09-15 15:40:11,899: -SERVICE [/rosapi/subscribers] /rosapi rosrpc://Na:36737
[rosmaster.master][INFO] 2025-09-15 15:40:11,900: -SERVICE [/rosapi/service_providers] /rosapi rosrpc://Na:36737
[rosmaster.master][INFO] 2025-09-15 15:40:11,900: -SERVICE [/rosapi/service_node] /rosapi rosrpc://Na:36737
[rosmaster.master][INFO] 2025-09-15 15:40:11,900: -SERVICE [/rosapi/service_host] /rosapi rosrpc://Na:36737
[rosmaster.master][INFO] 2025-09-15 15:40:11,900: -SERVICE [/rosapi/message_details] /rosapi rosrpc://Na:36737
[rosmaster.master][INFO] 2025-09-15 15:40:11,900: -SERVICE [/rosapi/service_request_details] /rosapi rosrpc://Na:36737
[rosmaster.master][INFO] 2025-09-15 15:40:11,901: -SERVICE [/rosapi/service_response_details] /rosapi rosrpc://Na:36737
[rosmaster.master][INFO] 2025-09-15 15:40:11,901: -SERVICE [/rosapi/set_param] /rosapi rosrpc://Na:36737
[rosmaster.master][INFO] 2025-09-15 15:40:11,901: -SERVICE [/rosapi/get_param] /rosapi rosrpc://Na:36737
[rosmaster.master][INFO] 2025-09-15 15:40:11,901: -SERVICE [/rosapi/has_param] /rosapi rosrpc://Na:36737
[rosmaster.master][INFO] 2025-09-15 15:40:11,901: -SERVICE [/rosapi/search_param] /rosapi rosrpc://Na:36737
[rosmaster.master][INFO] 2025-09-15 15:40:11,902: -SERVICE [/rosapi/delete_param] /rosapi rosrpc://Na:36737
[rosmaster.master][INFO] 2025-09-15 15:40:11,902: -SERVICE [/rosapi/get_param_names] /rosapi rosrpc://Na:36737
[rosmaster.master][INFO] 2025-09-15 15:40:11,902: -SERVICE [/rosapi/get_time] /rosapi rosrpc://Na:36737
[rosmaster.master][INFO] 2025-09-15 15:40:11,902: -SERVICE [/rosapi/topics_and_raw_types] /rosapi rosrpc://Na:36737
[rosmaster.master][INFO] 2025-09-15 15:40:11,976: publisherUpdate[/rosout] -> http://Na:43033/ ['http://Na:36755/']
[rosmaster.master][INFO] 2025-09-15 15:40:11,977: publisherUpdate[/rosout] -> http://Na:43033/ ['http://Na:36755/']: sec=0.00, result=[1, '', 0]
[rosmaster.master][INFO] 2025-09-15 15:40:11,978: publisherUpdate[/rosout] -> http://Na:43033/ []
[rosmaster.master][INFO] 2025-09-15 15:40:11,978: publisherUpdate[/rosout] -> http://Na:43033/ []: sec=0.00, result=[1, '', 0]
[rosmaster.master][INFO] 2025-09-15 15:40:12,510: +CACHEDPARAM [/rosout_disable_topics_generation] by /rosbridge_websocket
[rosmaster.master][INFO] 2025-09-15 15:40:12,527: +CACHEDPARAM [/rosout_disable_topics_generation] by /rosbridge_websocket
[rosmaster.master][INFO] 2025-09-15 15:40:12,533: +CACHEDPARAM [/rosout_disable_topics_generation] by /rosbridge_websocket
[rosmaster.master][INFO] 2025-09-15 15:40:12,540: +CACHEDPARAM [/rosout_disable_topics_generation] by /rosbridge_websocket
[rosmaster.master][INFO] 2025-09-15 15:40:12,546: +CACHEDPARAM [/rosout_disable_topics_generation] by /rosbridge_websocket
[rosmaster.master][INFO] 2025-09-15 15:40:12,550: +CACHEDPARAM [/rosout_disable_topics_generation] by /rosbridge_websocket
[rosmaster.master][INFO] 2025-09-15 15:40:12,561: +CACHEDPARAM [/rosout_disable_topics_generation] by /rosbridge_websocket
[rosmaster.master][INFO] 2025-09-15 15:40:12,566: +CACHEDPARAM [/rosout_disable_topics_generation] by /rosbridge_websocket
[rosmaster.master][INFO] 2025-09-15 15:40:12,573: +CACHEDPARAM [/rosout_disable_topics_generation] by /rosbridge_websocket
[rosmaster.master][INFO] 2025-09-15 15:40:12,578: +CACHEDPARAM [/rosout_disable_topics_generation] by /rosbridge_websocket
[rosmaster.master][INFO] 2025-09-15 15:40:12,988: -PUB [/rosout_agg] /rosout http://Na:43033/
[rosmaster.master][INFO] 2025-09-15 15:40:12,988: -SUB [/rosout] /rosout http://Na:43033/
[rosmaster.master][INFO] 2025-09-15 15:40:12,989: -SERVICE [/rosout/get_loggers] /rosout rosrpc://Na:41905
[rosmaster.master][INFO] 2025-09-15 15:40:12,990: -SERVICE [/rosout/set_logger_level] /rosout rosrpc://Na:41905
[rosmaster.master][INFO] 2025-09-15 15:40:12,990: -CACHEDPARAM [/rosout/omit_topics] by /rosout
[rosmaster.main][INFO] 2025-09-15 15:40:13,092: keyboard interrupt, will exit
[rosmaster.main][INFO] 2025-09-15 15:40:13,092: stopping master...
[rospy.core][INFO] 2025-09-15 15:40:13,092: signal_shutdown [atexit]
