[rosmaster.main][INFO] 2025-09-18 13:29:44,755: initialization complete, waiting for shutdown
[rosmaster.main][INFO] 2025-09-18 13:29:44,755: Starting ROS Master Node
[xmlrpc][INFO] 2025-09-18 13:29:44,757: XML-RPC server binding to 0.0.0.0:11311
[xmlrpc][INFO] 2025-09-18 13:29:44,757: Started XML-RPC server [http://Na:11311/]
[xmlrpc][INFO] 2025-09-18 13:29:44,758: xml rpc node: starting XML-RPC server
[rosmaster.master][INFO] 2025-09-18 13:29:44,758: Master initialized: port[11311], uri[http://Na:11311/]
[rosmaster.master][INFO] 2025-09-18 13:29:44,853: +PARAM [/run_id] by /roslaunch
[rosmaster.master][INFO] 2025-09-18 13:29:44,854: +PARAM [/roslaunch/uris/host_na__40457] by /roslaunch
[rosmaster.master][INFO] 2025-09-18 13:29:44,895: +PARAM [/rosversion] by /roslaunch
[rosmaster.master][INFO] 2025-09-18 13:29:44,896: +PARAM [/rosdistro] by /roslaunch
[rosmaster.master][INFO] 2025-09-18 13:29:44,896: +PARAM [/rosbridge_websocket/authenticate] by /roslaunch
[rosmaster.master][INFO] 2025-09-18 13:29:44,896: +PARAM [/rosbridge_websocket/port] by /roslaunch
[rosmaster.master][INFO] 2025-09-18 13:29:44,896: +PARAM [/rosbridge_websocket/address] by /roslaunch
[rosmaster.master][INFO] 2025-09-18 13:29:44,896: +PARAM [/rosbridge_websocket/retry_startup_delay] by /roslaunch
[rosmaster.master][INFO] 2025-09-18 13:29:44,896: +PARAM [/rosbridge_websocket/fragment_timeout] by /roslaunch
[rosmaster.master][INFO] 2025-09-18 13:29:44,896: +PARAM [/rosbridge_websocket/delay_between_messages] by /roslaunch
[rosmaster.master][INFO] 2025-09-18 13:29:44,896: +PARAM [/rosbridge_websocket/max_message_size] by /roslaunch
[rosmaster.master][INFO] 2025-09-18 13:29:44,896: +PARAM [/rosbridge_websocket/unregister_timeout] by /roslaunch
[rosmaster.master][INFO] 2025-09-18 13:29:44,896: +PARAM [/rosbridge_websocket/use_compression] by /roslaunch
[rosmaster.master][INFO] 2025-09-18 13:29:44,896: +PARAM [/rosbridge_websocket/websocket_ping_interval] by /roslaunch
[rosmaster.master][INFO] 2025-09-18 13:29:44,896: +PARAM [/rosbridge_websocket/websocket_ping_timeout] by /roslaunch
[rosmaster.master][INFO] 2025-09-18 13:29:44,897: +PARAM [/rosbridge_websocket/websocket_external_port] by /roslaunch
[rosmaster.master][INFO] 2025-09-18 13:29:44,897: +PARAM [/rosbridge_websocket/topics_glob] by /roslaunch
[rosmaster.master][INFO] 2025-09-18 13:29:44,897: +PARAM [/rosbridge_websocket/services_glob] by /roslaunch
[rosmaster.master][INFO] 2025-09-18 13:29:44,897: +PARAM [/rosbridge_websocket/params_glob] by /roslaunch
[rosmaster.master][INFO] 2025-09-18 13:29:44,897: +PARAM [/rosbridge_websocket/bson_only_mode] by /roslaunch
[rosmaster.master][INFO] 2025-09-18 13:29:44,897: +PARAM [/rosapi/topics_glob] by /roslaunch
[rosmaster.master][INFO] 2025-09-18 13:29:44,897: +PARAM [/rosapi/services_glob] by /roslaunch
[rosmaster.master][INFO] 2025-09-18 13:29:44,897: +PARAM [/rosapi/params_glob] by /roslaunch
[rosmaster.master][INFO] 2025-09-18 13:29:44,953: +SERVICE [/rosout/get_loggers] /rosout http://Na:45563/
[rosmaster.master][INFO] 2025-09-18 13:29:44,954: +SERVICE [/rosout/set_logger_level] /rosout http://Na:45563/
[rosmaster.master][INFO] 2025-09-18 13:29:44,955: +PUB [/rosout_agg] /rosout http://Na:45563/
[rosmaster.master][INFO] 2025-09-18 13:29:44,958: +SUB [/rosout] /rosout http://Na:45563/
[rosmaster.master][INFO] 2025-09-18 13:29:45,305: +PUB [/rosout] /rosapi http://Na:46379/
[rosmaster.master][INFO] 2025-09-18 13:29:45,308: +SERVICE [/rosapi/get_loggers] /rosapi http://Na:46379/
[rosmaster.master][INFO] 2025-09-18 13:29:45,309: +SERVICE [/rosapi/set_logger_level] /rosapi http://Na:46379/
[rosmaster.master][INFO] 2025-09-18 13:29:45,312: +SERVICE [/rosapi/topics] /rosapi http://Na:46379/
[rosmaster.master][INFO] 2025-09-18 13:29:45,313: +SERVICE [/rosapi/topics_for_type] /rosapi http://Na:46379/
[rosmaster.master][INFO] 2025-09-18 13:29:45,314: +SERVICE [/rosapi/services] /rosapi http://Na:46379/
[rosmaster.master][INFO] 2025-09-18 13:29:45,315: +SERVICE [/rosapi/services_for_type] /rosapi http://Na:46379/
[rosmaster.master][INFO] 2025-09-18 13:29:45,316: +SERVICE [/rosapi/nodes] /rosapi http://Na:46379/
[rosmaster.master][INFO] 2025-09-18 13:29:45,317: +SERVICE [/rosapi/node_details] /rosapi http://Na:46379/
[rosmaster.master][INFO] 2025-09-18 13:29:45,318: +SERVICE [/rosapi/action_servers] /rosapi http://Na:46379/
[rosmaster.master][INFO] 2025-09-18 13:29:45,319: +SERVICE [/rosapi/topic_type] /rosapi http://Na:46379/
[rosmaster.master][INFO] 2025-09-18 13:29:45,320: +SERVICE [/rosapi/service_type] /rosapi http://Na:46379/
[rosmaster.master][INFO] 2025-09-18 13:29:45,321: +SERVICE [/rosapi/publishers] /rosapi http://Na:46379/
[rosmaster.master][INFO] 2025-09-18 13:29:45,322: +SERVICE [/rosapi/subscribers] /rosapi http://Na:46379/
[rosmaster.master][INFO] 2025-09-18 13:29:45,323: +SERVICE [/rosapi/service_providers] /rosapi http://Na:46379/
[rosmaster.master][INFO] 2025-09-18 13:29:45,324: +SERVICE [/rosapi/service_node] /rosapi http://Na:46379/
[rosmaster.master][INFO] 2025-09-18 13:29:45,325: +SERVICE [/rosapi/service_host] /rosapi http://Na:46379/
[rosmaster.master][INFO] 2025-09-18 13:29:45,326: +SERVICE [/rosapi/message_details] /rosapi http://Na:46379/
[rosmaster.master][INFO] 2025-09-18 13:29:45,328: +SERVICE [/rosapi/service_request_details] /rosapi http://Na:46379/
[rosmaster.master][INFO] 2025-09-18 13:29:45,329: +SERVICE [/rosapi/service_response_details] /rosapi http://Na:46379/
[rosmaster.master][INFO] 2025-09-18 13:29:45,329: +SERVICE [/rosapi/set_param] /rosapi http://Na:46379/
[rosmaster.master][INFO] 2025-09-18 13:29:45,330: +SERVICE [/rosapi/get_param] /rosapi http://Na:46379/
[rosmaster.master][INFO] 2025-09-18 13:29:45,331: +SERVICE [/rosapi/has_param] /rosapi http://Na:46379/
[rosmaster.master][INFO] 2025-09-18 13:29:45,332: +SERVICE [/rosapi/search_param] /rosapi http://Na:46379/
[rosmaster.master][INFO] 2025-09-18 13:29:45,333: +SERVICE [/rosapi/delete_param] /rosapi http://Na:46379/
[rosmaster.master][INFO] 2025-09-18 13:29:45,334: +SERVICE [/rosapi/get_param_names] /rosapi http://Na:46379/
[rosmaster.master][INFO] 2025-09-18 13:29:45,334: +SERVICE [/rosapi/get_time] /rosapi http://Na:46379/
[rosmaster.master][INFO] 2025-09-18 13:29:45,335: +SERVICE [/rosapi/topics_and_raw_types] /rosapi http://Na:46379/
[rosmaster.master][INFO] 2025-09-18 13:29:45,336: +CACHEDPARAM [/rosout_disable_topics_generation] by /rosapi
[rosmaster.master][INFO] 2025-09-18 13:29:45,357: publisherUpdate[/rosout] -> http://Na:45563/ ['http://Na:46379/']
[rosmaster.master][INFO] 2025-09-18 13:29:45,362: publisherUpdate[/rosout] -> http://Na:45563/ ['http://Na:46379/']: sec=0.00, result=[1, '', 0]
[rosmaster.master][INFO] 2025-09-18 13:29:45,567: +CACHEDPARAM [/rosout/omit_topics] by /rosout
[rosmaster.master][INFO] 2025-09-18 13:29:45,737: +PUB [/rosout] /rosbridge_websocket http://Na:35867/
[rosmaster.master][INFO] 2025-09-18 13:29:45,740: +SERVICE [/rosbridge_websocket/get_loggers] /rosbridge_websocket http://Na:35867/
[rosmaster.master][INFO] 2025-09-18 13:29:45,740: +SERVICE [/rosbridge_websocket/set_logger_level] /rosbridge_websocket http://Na:35867/
[rosmaster.master][INFO] 2025-09-18 13:29:45,754: +PUB [/client_count] /rosbridge_websocket http://Na:35867/
[rosmaster.master][INFO] 2025-09-18 13:29:45,755: +PUB [/connected_clients] /rosbridge_websocket http://Na:35867/
[rosmaster.master][INFO] 2025-09-18 13:29:45,757: +PARAM [/rosbridge_websocket/actual_port] by /rosbridge_websocket
[rosmaster.master][INFO] 2025-09-18 13:29:45,758: publisherUpdate[/rosout] -> http://Na:45563/ ['http://Na:46379/', 'http://Na:35867/']
[rosmaster.master][INFO] 2025-09-18 13:29:45,760: +CACHEDPARAM [/rosout_disable_topics_generation] by /rosbridge_websocket
[rosmaster.master][INFO] 2025-09-18 13:29:45,762: publisherUpdate[/rosout] -> http://Na:45563/ ['http://Na:46379/', 'http://Na:35867/']: sec=0.00, result=[1, '', 0]
[rosmaster.master][INFO] 2025-09-18 13:33:56,387: -PUB [/rosout] /rosapi http://Na:46379/
[rosmaster.master][INFO] 2025-09-18 13:33:56,387: -SERVICE [/rosapi/get_loggers] /rosapi rosrpc://Na:42975
[rosmaster.master][INFO] 2025-09-18 13:33:56,388: -SERVICE [/rosapi/set_logger_level] /rosapi rosrpc://Na:42975
[rosmaster.master][INFO] 2025-09-18 13:33:56,388: -SERVICE [/rosapi/topics] /rosapi rosrpc://Na:42975
[rosmaster.master][INFO] 2025-09-18 13:33:56,388: -SERVICE [/rosapi/topics_for_type] /rosapi rosrpc://Na:42975
[rosmaster.master][INFO] 2025-09-18 13:33:56,388: -SERVICE [/rosapi/services] /rosapi rosrpc://Na:42975
[rosmaster.master][INFO] 2025-09-18 13:33:56,388: -SERVICE [/rosapi/services_for_type] /rosapi rosrpc://Na:42975
[rosmaster.master][INFO] 2025-09-18 13:33:56,388: -SERVICE [/rosapi/nodes] /rosapi rosrpc://Na:42975
[rosmaster.master][INFO] 2025-09-18 13:33:56,388: -SERVICE [/rosapi/node_details] /rosapi rosrpc://Na:42975
[rosmaster.master][INFO] 2025-09-18 13:33:56,388: -SERVICE [/rosapi/action_servers] /rosapi rosrpc://Na:42975
[rosmaster.master][INFO] 2025-09-18 13:33:56,389: -SERVICE [/rosapi/topic_type] /rosapi rosrpc://Na:42975
[rosmaster.master][INFO] 2025-09-18 13:33:56,389: -SERVICE [/rosapi/service_type] /rosapi rosrpc://Na:42975
[rosmaster.master][INFO] 2025-09-18 13:33:56,389: -SERVICE [/rosapi/publishers] /rosapi rosrpc://Na:42975
[rosmaster.master][INFO] 2025-09-18 13:33:56,389: -SERVICE [/rosapi/subscribers] /rosapi rosrpc://Na:42975
[rosmaster.master][INFO] 2025-09-18 13:33:56,389: -SERVICE [/rosapi/service_providers] /rosapi rosrpc://Na:42975
[rosmaster.master][INFO] 2025-09-18 13:33:56,389: -SERVICE [/rosapi/service_node] /rosapi rosrpc://Na:42975
[rosmaster.master][INFO] 2025-09-18 13:33:56,390: -SERVICE [/rosapi/service_host] /rosapi rosrpc://Na:42975
[rosmaster.master][INFO] 2025-09-18 13:33:56,390: -SERVICE [/rosapi/message_details] /rosapi rosrpc://Na:42975
[rosmaster.master][INFO] 2025-09-18 13:33:56,390: -SERVICE [/rosapi/service_request_details] /rosapi rosrpc://Na:42975
[rosmaster.master][INFO] 2025-09-18 13:33:56,390: -SERVICE [/rosapi/service_response_details] /rosapi rosrpc://Na:42975
[rosmaster.master][INFO] 2025-09-18 13:33:56,390: -SERVICE [/rosapi/set_param] /rosapi rosrpc://Na:42975
[rosmaster.master][INFO] 2025-09-18 13:33:56,390: -SERVICE [/rosapi/get_param] /rosapi rosrpc://Na:42975
[rosmaster.master][INFO] 2025-09-18 13:33:56,391: -SERVICE [/rosapi/has_param] /rosapi rosrpc://Na:42975
[rosmaster.master][INFO] 2025-09-18 13:33:56,391: -PUB [/rosout] /rosbridge_websocket http://Na:35867/
[rosmaster.master][INFO] 2025-09-18 13:33:56,391: -SERVICE [/rosapi/search_param] /rosapi rosrpc://Na:42975
[rosmaster.master][INFO] 2025-09-18 13:33:56,391: -SERVICE [/rosapi/delete_param] /rosapi rosrpc://Na:42975
[rosmaster.master][INFO] 2025-09-18 13:33:56,391: -SERVICE [/rosapi/get_param_names] /rosapi rosrpc://Na:42975
[rosmaster.master][INFO] 2025-09-18 13:33:56,391: -SERVICE [/rosapi/get_time] /rosapi rosrpc://Na:42975
[rosmaster.master][INFO] 2025-09-18 13:33:56,391: -SERVICE [/rosapi/topics_and_raw_types] /rosapi rosrpc://Na:42975
[rosmaster.master][INFO] 2025-09-18 13:33:56,392: -PUB [/client_count] /rosbridge_websocket http://Na:35867/
[rosmaster.master][INFO] 2025-09-18 13:33:56,392: -PUB [/connected_clients] /rosbridge_websocket http://Na:35867/
[rosmaster.master][INFO] 2025-09-18 13:33:56,393: -SERVICE [/rosbridge_websocket/get_loggers] /rosbridge_websocket rosrpc://Na:42699
[rosmaster.master][INFO] 2025-09-18 13:33:56,393: -SERVICE [/rosbridge_websocket/set_logger_level] /rosbridge_websocket rosrpc://Na:42699
[rosmaster.master][INFO] 2025-09-18 13:33:56,415: publisherUpdate[/rosout] -> http://Na:45563/ ['http://Na:35867/']
[rosmaster.master][INFO] 2025-09-18 13:33:56,417: publisherUpdate[/rosout] -> http://Na:45563/ ['http://Na:35867/']: sec=0.00, result=[1, '', 0]
[rosmaster.master][INFO] 2025-09-18 13:33:56,417: publisherUpdate[/rosout] -> http://Na:45563/ []
[rosmaster.master][INFO] 2025-09-18 13:33:56,418: publisherUpdate[/rosout] -> http://Na:45563/ []: sec=0.00, result=[1, '', 0]
[rosmaster.master][INFO] 2025-09-18 13:33:57,321: -PUB [/rosout_agg] /rosout http://Na:45563/
[rosmaster.master][INFO] 2025-09-18 13:33:57,322: -SUB [/rosout] /rosout http://Na:45563/
[rosmaster.master][INFO] 2025-09-18 13:33:57,323: -SERVICE [/rosout/get_loggers] /rosout rosrpc://Na:51593
[rosmaster.master][INFO] 2025-09-18 13:33:57,323: -SERVICE [/rosout/set_logger_level] /rosout rosrpc://Na:51593
[rosmaster.master][INFO] 2025-09-18 13:33:57,324: -CACHEDPARAM [/rosout/omit_topics] by /rosout
[rosmaster.main][INFO] 2025-09-18 13:33:57,391: keyboard interrupt, will exit
[rosmaster.main][INFO] 2025-09-18 13:33:57,391: stopping master...
[rospy.core][INFO] 2025-09-18 13:33:57,391: signal_shutdown [atexit]
