[rospy.client][INFO] 2025-09-12 12:28:37,582: init_node, name[/talker_15877_1757647717553], pid[15877]
[xmlrpc][INFO] 2025-09-12 12:28:37,582: XML-RPC server binding to 0.0.0.0:0
[xmlrpc][INFO] 2025-09-12 12:28:37,583: Started XML-RPC server [http://Na:46461/]
[rospy.init][INFO] 2025-09-12 12:28:37,584: ROS Slave URI: [http://Na:46461/]
[rospy.impl.masterslave][INFO] 2025-09-12 12:28:37,584: _ready: http://Na:46461/
[rospy.registration][INFO] 2025-09-12 12:28:37,585: Registering with master node http://localhost:11311
[rospy.registration][INFO] 2025-09-12 12:28:37,585: Registering publisher topic [/chatter] type [std_msgs/String] with master
[xmlrpc][INFO] 2025-09-12 12:28:37,586: xml rpc node: starting XML-RPC server
[rospy.init][INFO] 2025-09-12 12:28:37,684: registered with master
[rospy.rosout][INFO] 2025-09-12 12:28:37,685: initializing /rosout core topic
[rospy.rosout][INFO] 2025-09-12 12:28:37,686: connected to core topic /rosout
[rospy.simtime][INFO] 2025-09-12 12:28:37,688: /use_sim_time is not set, will not subscribe to simulated time [/clock] topic
[rosout][INFO] 2025-09-12 12:28:37,692: hello MORAI 1757647717.6920412
[rospy.internal][INFO] 2025-09-12 12:28:37,909: topic[/rosout] adding connection to [/rosout], count 0
[rosout][INFO] 2025-09-12 12:28:38,693: hello MORAI 1757647718.6934156
[rosout][INFO] 2025-09-12 12:28:39,693: hello MORAI 1757647719.693333
[rospy.core][INFO] 2025-09-12 12:28:40,236: signal_shutdown [signal-2]
[rospy.internal][INFO] 2025-09-12 12:28:40,239: topic[/rosout] removing connection to /rosout
[rospy.impl.masterslave][INFO] 2025-09-12 12:28:40,239: signal-2
[rospy.core][INFO] 2025-09-12 12:28:40,838: signal_shutdown [atexit]
