[rosmaster.main][INFO] 2025-09-12 14:58:04,467: initialization complete, waiting for shutdown
[rosmaster.main][INFO] 2025-09-12 14:58:04,467: Starting ROS Master Node
[xmlrpc][INFO] 2025-09-12 14:58:04,469: XML-RPC server binding to 0.0.0.0:11311
[xmlrpc][INFO] 2025-09-12 14:58:04,470: Started XML-RPC server [http://Na:11311/]
[xmlrpc][INFO] 2025-09-12 14:58:04,470: xml rpc node: starting XML-RPC server
[rosmaster.master][INFO] 2025-09-12 14:58:04,470: Master initialized: port[11311], uri[http://Na:11311/]
[rosmaster.master][INFO] 2025-09-12 14:58:04,577: +PARAM [/run_id] by /roslaunch
[rosmaster.master][INFO] 2025-09-12 14:58:04,579: +PARAM [/roslaunch/uris/host_na__34731] by /roslaunch
[rosmaster.master][INFO] 2025-09-12 14:58:04,629: +PARAM [/rosversion] by /roslaunch
[rosmaster.master][INFO] 2025-09-12 14:58:04,629: +PARAM [/rosdistro] by /roslaunch
[rosmaster.master][INFO] 2025-09-12 14:58:04,629: +PARAM [/rosbridge_websocket/authenticate] by /roslaunch
[rosmaster.master][INFO] 2025-09-12 14:58:04,629: +PARAM [/rosbridge_websocket/port] by /roslaunch
[rosmaster.master][INFO] 2025-09-12 14:58:04,629: +PARAM [/rosbridge_websocket/address] by /roslaunch
[rosmaster.master][INFO] 2025-09-12 14:58:04,630: +PARAM [/rosbridge_websocket/retry_startup_delay] by /roslaunch
[rosmaster.master][INFO] 2025-09-12 14:58:04,630: +PARAM [/rosbridge_websocket/fragment_timeout] by /roslaunch
[rosmaster.master][INFO] 2025-09-12 14:58:04,630: +PARAM [/rosbridge_websocket/delay_between_messages] by /roslaunch
[rosmaster.master][INFO] 2025-09-12 14:58:04,630: +PARAM [/rosbridge_websocket/max_message_size] by /roslaunch
[rosmaster.master][INFO] 2025-09-12 14:58:04,630: +PARAM [/rosbridge_websocket/unregister_timeout] by /roslaunch
[rosmaster.master][INFO] 2025-09-12 14:58:04,630: +PARAM [/rosbridge_websocket/use_compression] by /roslaunch
[rosmaster.master][INFO] 2025-09-12 14:58:04,630: +PARAM [/rosbridge_websocket/websocket_ping_interval] by /roslaunch
[rosmaster.master][INFO] 2025-09-12 14:58:04,630: +PARAM [/rosbridge_websocket/websocket_ping_timeout] by /roslaunch
[rosmaster.master][INFO] 2025-09-12 14:58:04,630: +PARAM [/rosbridge_websocket/websocket_external_port] by /roslaunch
[rosmaster.master][INFO] 2025-09-12 14:58:04,630: +PARAM [/rosbridge_websocket/topics_glob] by /roslaunch
[rosmaster.master][INFO] 2025-09-12 14:58:04,630: +PARAM [/rosbridge_websocket/services_glob] by /roslaunch
[rosmaster.master][INFO] 2025-09-12 14:58:04,631: +PARAM [/rosbridge_websocket/params_glob] by /roslaunch
[rosmaster.master][INFO] 2025-09-12 14:58:04,631: +PARAM [/rosbridge_websocket/bson_only_mode] by /roslaunch
[rosmaster.master][INFO] 2025-09-12 14:58:04,631: +PARAM [/rosapi/topics_glob] by /roslaunch
[rosmaster.master][INFO] 2025-09-12 14:58:04,631: +PARAM [/rosapi/services_glob] by /roslaunch
[rosmaster.master][INFO] 2025-09-12 14:58:04,631: +PARAM [/rosapi/params_glob] by /roslaunch
[rosmaster.master][INFO] 2025-09-12 14:58:04,672: +SERVICE [/rosout/get_loggers] /rosout http://Na:41133/
[rosmaster.master][INFO] 2025-09-12 14:58:04,673: +SERVICE [/rosout/set_logger_level] /rosout http://Na:41133/
[rosmaster.master][INFO] 2025-09-12 14:58:04,675: +PUB [/rosout_agg] /rosout http://Na:41133/
[rosmaster.master][INFO] 2025-09-12 14:58:04,679: +SUB [/rosout] /rosout http://Na:41133/
[rosmaster.master][INFO] 2025-09-12 14:58:05,270: +PUB [/rosout] /rosapi http://Na:44333/
[rosmaster.master][INFO] 2025-09-12 14:58:05,271: publisherUpdate[/rosout] -> http://Na:41133/ ['http://Na:44333/']
[rosmaster.master][INFO] 2025-09-12 14:58:05,276: +SERVICE [/rosapi/get_loggers] /rosapi http://Na:44333/
[rosmaster.master][INFO] 2025-09-12 14:58:05,277: +SERVICE [/rosapi/set_logger_level] /rosapi http://Na:44333/
[rosmaster.master][INFO] 2025-09-12 14:58:05,278: publisherUpdate[/rosout] -> http://Na:41133/ ['http://Na:44333/']: sec=0.01, result=[1, '', 0]
[rosmaster.master][INFO] 2025-09-12 14:58:05,281: +SERVICE [/rosapi/topics] /rosapi http://Na:44333/
[rosmaster.master][INFO] 2025-09-12 14:58:05,282: +SERVICE [/rosapi/topics_for_type] /rosapi http://Na:44333/
[rosmaster.master][INFO] 2025-09-12 14:58:05,283: +SERVICE [/rosapi/services] /rosapi http://Na:44333/
[rosmaster.master][INFO] 2025-09-12 14:58:05,285: +SERVICE [/rosapi/services_for_type] /rosapi http://Na:44333/
[rosmaster.master][INFO] 2025-09-12 14:58:05,286: +SERVICE [/rosapi/nodes] /rosapi http://Na:44333/
[rosmaster.master][INFO] 2025-09-12 14:58:05,287: +SERVICE [/rosapi/node_details] /rosapi http://Na:44333/
[rosmaster.master][INFO] 2025-09-12 14:58:05,288: +SERVICE [/rosapi/action_servers] /rosapi http://Na:44333/
[rosmaster.master][INFO] 2025-09-12 14:58:05,289: +SERVICE [/rosapi/topic_type] /rosapi http://Na:44333/
[rosmaster.master][INFO] 2025-09-12 14:58:05,290: +SERVICE [/rosapi/service_type] /rosapi http://Na:44333/
[rosmaster.master][INFO] 2025-09-12 14:58:05,291: +SERVICE [/rosapi/publishers] /rosapi http://Na:44333/
[rosmaster.master][INFO] 2025-09-12 14:58:05,292: +SERVICE [/rosapi/subscribers] /rosapi http://Na:44333/
[rosmaster.master][INFO] 2025-09-12 14:58:05,293: +SERVICE [/rosapi/service_providers] /rosapi http://Na:44333/
[rosmaster.master][INFO] 2025-09-12 14:58:05,294: +SERVICE [/rosapi/service_node] /rosapi http://Na:44333/
[rosmaster.master][INFO] 2025-09-12 14:58:05,295: +SERVICE [/rosapi/service_host] /rosapi http://Na:44333/
[rosmaster.master][INFO] 2025-09-12 14:58:05,296: +SERVICE [/rosapi/message_details] /rosapi http://Na:44333/
[rosmaster.master][INFO] 2025-09-12 14:58:05,297: +SERVICE [/rosapi/service_request_details] /rosapi http://Na:44333/
[rosmaster.master][INFO] 2025-09-12 14:58:05,298: +SERVICE [/rosapi/service_response_details] /rosapi http://Na:44333/
[rosmaster.master][INFO] 2025-09-12 14:58:05,299: +SERVICE [/rosapi/set_param] /rosapi http://Na:44333/
[rosmaster.master][INFO] 2025-09-12 14:58:05,300: +SERVICE [/rosapi/get_param] /rosapi http://Na:44333/
[rosmaster.master][INFO] 2025-09-12 14:58:05,302: +SERVICE [/rosapi/has_param] /rosapi http://Na:44333/
[rosmaster.master][INFO] 2025-09-12 14:58:05,303: +SERVICE [/rosapi/search_param] /rosapi http://Na:44333/
[rosmaster.master][INFO] 2025-09-12 14:58:05,304: +SERVICE [/rosapi/delete_param] /rosapi http://Na:44333/
[rosmaster.master][INFO] 2025-09-12 14:58:05,305: +SERVICE [/rosapi/get_param_names] /rosapi http://Na:44333/
[rosmaster.master][INFO] 2025-09-12 14:58:05,306: +SERVICE [/rosapi/get_time] /rosapi http://Na:44333/
[rosmaster.master][INFO] 2025-09-12 14:58:05,307: +SERVICE [/rosapi/topics_and_raw_types] /rosapi http://Na:44333/
[rosmaster.master][INFO] 2025-09-12 14:58:05,308: +CACHEDPARAM [/rosout_disable_topics_generation] by /rosapi
[rosmaster.master][INFO] 2025-09-12 14:58:05,485: +CACHEDPARAM [/rosout/omit_topics] by /rosout
[rosmaster.master][INFO] 2025-09-12 14:58:05,812: +PUB [/rosout] /rosbridge_websocket http://Na:38563/
[rosmaster.master][INFO] 2025-09-12 14:58:05,817: +SERVICE [/rosbridge_websocket/get_loggers] /rosbridge_websocket http://Na:38563/
[rosmaster.master][INFO] 2025-09-12 14:58:05,818: +SERVICE [/rosbridge_websocket/set_logger_level] /rosbridge_websocket http://Na:38563/
[rosmaster.master][INFO] 2025-09-12 14:58:05,839: +PUB [/client_count] /rosbridge_websocket http://Na:38563/
[rosmaster.master][INFO] 2025-09-12 14:58:05,840: +PUB [/connected_clients] /rosbridge_websocket http://Na:38563/
[rosmaster.master][INFO] 2025-09-12 14:58:05,846: +PARAM [/rosbridge_websocket/actual_port] by /rosbridge_websocket
[rosmaster.master][INFO] 2025-09-12 14:58:05,849: +CACHEDPARAM [/rosout_disable_topics_generation] by /rosbridge_websocket
[rosmaster.master][INFO] 2025-09-12 14:58:05,873: publisherUpdate[/rosout] -> http://Na:41133/ ['http://Na:44333/', 'http://Na:38563/']
[rosmaster.master][INFO] 2025-09-12 14:58:05,878: publisherUpdate[/rosout] -> http://Na:41133/ ['http://Na:44333/', 'http://Na:38563/']: sec=0.00, result=[1, '', 0]
[rosmaster.master][INFO] 2025-09-12 15:06:06,180: +CACHEDPARAM [/rosout_disable_topics_generation] by /rosbridge_websocket
[rosmaster.master][INFO] 2025-09-12 15:06:06,186: +CACHEDPARAM [/rosout_disable_topics_generation] by /rosbridge_websocket
[rosmaster.master][INFO] 2025-09-12 15:06:07,580: +PUB [/clock] /rosbridge_websocket http://Na:38563/
[rosmaster.master][INFO] 2025-09-12 15:06:07,681: +PUB [/image_jpeg/compressed] /rosbridge_websocket http://Na:38563/
[rosmaster.master][INFO] 2025-09-12 15:09:08,232: +CACHEDPARAM [/rosout_disable_topics_generation] by /rosbridge_websocket
[rosmaster.master][INFO] 2025-09-12 15:09:08,236: +CACHEDPARAM [/rosout_disable_topics_generation] by /rosbridge_websocket
[rosmaster.master][INFO] 2025-09-12 15:09:08,240: +CACHEDPARAM [/rosout_disable_topics_generation] by /rosbridge_websocket
[rosmaster.master][INFO] 2025-09-12 15:09:08,245: +CACHEDPARAM [/rosout_disable_topics_generation] by /rosbridge_websocket
[rosmaster.master][INFO] 2025-09-12 15:09:08,250: +CACHEDPARAM [/rosout_disable_topics_generation] by /rosbridge_websocket
[rosmaster.master][INFO] 2025-09-12 15:09:08,253: +CACHEDPARAM [/rosout_disable_topics_generation] by /rosbridge_websocket
[rosmaster.master][INFO] 2025-09-12 15:09:08,256: +CACHEDPARAM [/rosout_disable_topics_generation] by /rosbridge_websocket
[rosmaster.master][INFO] 2025-09-12 15:09:09,242: +CACHEDPARAM [/rosout_disable_topics_generation] by /rosbridge_websocket
[rosmaster.master][INFO] 2025-09-12 15:09:09,303: +PUB [/tf] /rosbridge_websocket http://Na:38563/
[rosmaster.master][INFO] 2025-09-12 15:09:09,573: +PUB [/CollisionData] /rosbridge_websocket http://Na:38563/
[rosmaster.master][INFO] 2025-09-12 15:09:09,575: +PUB [/Competition_topic] /rosbridge_websocket http://Na:38563/
[rosmaster.master][INFO] 2025-09-12 15:09:09,578: +PUB [/Ego_topic] /rosbridge_websocket http://Na:38563/
[rosmaster.master][INFO] 2025-09-12 15:09:09,580: +PUB [/Object_topic] /rosbridge_websocket http://Na:38563/
[rosmaster.master][INFO] 2025-09-12 15:09:10,230: +SUB [/ctrl_cmd] /rosbridge_websocket http://Na:38563/
[rosmaster.master][INFO] 2025-09-12 15:09:10,232: +CACHEDPARAM [/rosout_disable_topics_generation] by /rosbridge_websocket
[rosmaster.master][INFO] 2025-09-12 15:09:10,338: +SERVICE [/Service_MoraiEventCmd] /rosbridge_websocket http://Na:38563/
[rosmaster.master][INFO] 2025-09-12 15:09:10,339: +CACHEDPARAM [/rosout_disable_topics_generation] by /rosbridge_websocket
[rosmaster.master][INFO] 2025-09-12 15:36:51,685: -SUB [/ctrl_cmd] /rosbridge_websocket http://Na:38563/
[rosmaster.master][INFO] 2025-09-12 15:36:51,690: +CACHEDPARAM [/rosout_disable_topics_generation] by /rosbridge_websocket
[rosmaster.master][INFO] 2025-09-12 15:36:51,696: +CACHEDPARAM [/rosout_disable_topics_generation] by /rosbridge_websocket
[rosmaster.master][INFO] 2025-09-12 15:36:51,706: +CACHEDPARAM [/rosout_disable_topics_generation] by /rosbridge_websocket
[rosmaster.master][INFO] 2025-09-12 15:36:51,710: +CACHEDPARAM [/rosout_disable_topics_generation] by /rosbridge_websocket
[rosmaster.master][INFO] 2025-09-12 15:36:51,717: +CACHEDPARAM [/rosout_disable_topics_generation] by /rosbridge_websocket
[rosmaster.master][INFO] 2025-09-12 15:36:51,721: +CACHEDPARAM [/rosout_disable_topics_generation] by /rosbridge_websocket
[rosmaster.master][INFO] 2025-09-12 15:36:51,725: +CACHEDPARAM [/rosout_disable_topics_generation] by /rosbridge_websocket
[rosmaster.master][INFO] 2025-09-12 15:36:51,730: +CACHEDPARAM [/rosout_disable_topics_generation] by /rosbridge_websocket
[rosmaster.master][INFO] 2025-09-12 15:36:52,705: -SERVICE [/Service_MoraiEventCmd] /rosbridge_websocket rosrpc://Na:36443
[rosmaster.master][INFO] 2025-09-12 15:36:52,707: +CACHEDPARAM [/rosout_disable_topics_generation] by /rosbridge_websocket
[rosmaster.master][INFO] 2025-09-12 15:36:53,014: +CACHEDPARAM [/rosout_disable_topics_generation] by /rosbridge_websocket
[rosmaster.master][INFO] 2025-09-12 15:36:53,019: +CACHEDPARAM [/rosout_disable_topics_generation] by /rosbridge_websocket
[rosmaster.master][INFO] 2025-09-12 15:36:53,022: +CACHEDPARAM [/rosout_disable_topics_generation] by /rosbridge_websocket
[rosmaster.master][INFO] 2025-09-12 15:37:01,713: -PUB [/CollisionData] /rosbridge_websocket http://Na:38563/
[rosmaster.master][INFO] 2025-09-12 15:37:01,717: -PUB [/Competition_topic] /rosbridge_websocket http://Na:38563/
[rosmaster.master][INFO] 2025-09-12 15:37:01,721: -PUB [/tf] /rosbridge_websocket http://Na:38563/
[rosmaster.master][INFO] 2025-09-12 15:37:01,725: -PUB [/Object_topic] /rosbridge_websocket http://Na:38563/
[rosmaster.master][INFO] 2025-09-12 15:37:01,729: -PUB [/Ego_topic] /rosbridge_websocket http://Na:38563/
[rosmaster.master][INFO] 2025-09-12 15:37:03,025: -PUB [/image_jpeg/compressed] /rosbridge_websocket http://Na:38563/
[rosmaster.master][INFO] 2025-09-12 15:37:03,026: -PUB [/clock] /rosbridge_websocket http://Na:38563/
[rosmaster.master][INFO] 2025-09-12 15:37:10,377: -PUB [/rosout] /rosbridge_websocket http://Na:38563/
[rosmaster.master][INFO] 2025-09-12 15:37:10,378: -PUB [/client_count] /rosbridge_websocket http://Na:38563/
[rosmaster.master][INFO] 2025-09-12 15:37:10,378: -PUB [/connected_clients] /rosbridge_websocket http://Na:38563/
[rosmaster.master][INFO] 2025-09-12 15:37:10,378: -SERVICE [/rosbridge_websocket/get_loggers] /rosbridge_websocket rosrpc://Na:36443
[rosmaster.master][INFO] 2025-09-12 15:37:10,378: -SERVICE [/rosbridge_websocket/set_logger_level] /rosbridge_websocket rosrpc://Na:36443
[rosmaster.master][INFO] 2025-09-12 15:37:10,388: -PUB [/rosout] /rosapi http://Na:44333/
[rosmaster.master][INFO] 2025-09-12 15:37:10,388: -SERVICE [/rosapi/get_loggers] /rosapi rosrpc://Na:46715
[rosmaster.master][INFO] 2025-09-12 15:37:10,388: -SERVICE [/rosapi/set_logger_level] /rosapi rosrpc://Na:46715
[rosmaster.master][INFO] 2025-09-12 15:37:10,389: -SERVICE [/rosapi/topics] /rosapi rosrpc://Na:46715
[rosmaster.master][INFO] 2025-09-12 15:37:10,389: -SERVICE [/rosapi/topics_for_type] /rosapi rosrpc://Na:46715
[rosmaster.master][INFO] 2025-09-12 15:37:10,389: -SERVICE [/rosapi/services] /rosapi rosrpc://Na:46715
[rosmaster.master][INFO] 2025-09-12 15:37:10,389: -SERVICE [/rosapi/services_for_type] /rosapi rosrpc://Na:46715
[rosmaster.master][INFO] 2025-09-12 15:37:10,389: -SERVICE [/rosapi/nodes] /rosapi rosrpc://Na:46715
[rosmaster.master][INFO] 2025-09-12 15:37:10,389: -SERVICE [/rosapi/node_details] /rosapi rosrpc://Na:46715
[rosmaster.master][INFO] 2025-09-12 15:37:10,389: -SERVICE [/rosapi/action_servers] /rosapi rosrpc://Na:46715
[rosmaster.master][INFO] 2025-09-12 15:37:10,389: -SERVICE [/rosapi/topic_type] /rosapi rosrpc://Na:46715
[rosmaster.master][INFO] 2025-09-12 15:37:10,389: -SERVICE [/rosapi/service_type] /rosapi rosrpc://Na:46715
[rosmaster.master][INFO] 2025-09-12 15:37:10,389: -SERVICE [/rosapi/publishers] /rosapi rosrpc://Na:46715
[rosmaster.master][INFO] 2025-09-12 15:37:10,389: -SERVICE [/rosapi/subscribers] /rosapi rosrpc://Na:46715
[rosmaster.master][INFO] 2025-09-12 15:37:10,389: -SERVICE [/rosapi/service_providers] /rosapi rosrpc://Na:46715
[rosmaster.master][INFO] 2025-09-12 15:37:10,389: -SERVICE [/rosapi/service_node] /rosapi rosrpc://Na:46715
[rosmaster.master][INFO] 2025-09-12 15:37:10,389: -SERVICE [/rosapi/service_host] /rosapi rosrpc://Na:46715
[rosmaster.master][INFO] 2025-09-12 15:37:10,390: -SERVICE [/rosapi/message_details] /rosapi rosrpc://Na:46715
[rosmaster.master][INFO] 2025-09-12 15:37:10,390: -SERVICE [/rosapi/service_request_details] /rosapi rosrpc://Na:46715
[rosmaster.master][INFO] 2025-09-12 15:37:10,390: -SERVICE [/rosapi/service_response_details] /rosapi rosrpc://Na:46715
[rosmaster.master][INFO] 2025-09-12 15:37:10,390: -SERVICE [/rosapi/set_param] /rosapi rosrpc://Na:46715
[rosmaster.master][INFO] 2025-09-12 15:37:10,390: -SERVICE [/rosapi/get_param] /rosapi rosrpc://Na:46715
[rosmaster.master][INFO] 2025-09-12 15:37:10,390: -SERVICE [/rosapi/has_param] /rosapi rosrpc://Na:46715
[rosmaster.master][INFO] 2025-09-12 15:37:10,390: -SERVICE [/rosapi/search_param] /rosapi rosrpc://Na:46715
[rosmaster.master][INFO] 2025-09-12 15:37:10,390: -SERVICE [/rosapi/delete_param] /rosapi rosrpc://Na:46715
[rosmaster.master][INFO] 2025-09-12 15:37:10,390: -SERVICE [/rosapi/get_param_names] /rosapi rosrpc://Na:46715
[rosmaster.master][INFO] 2025-09-12 15:37:10,390: -SERVICE [/rosapi/get_time] /rosapi rosrpc://Na:46715
[rosmaster.master][INFO] 2025-09-12 15:37:10,390: -SERVICE [/rosapi/topics_and_raw_types] /rosapi rosrpc://Na:46715
[rosmaster.master][INFO] 2025-09-12 15:37:10,472: publisherUpdate[/rosout] -> http://Na:41133/ ['http://Na:44333/']
[rosmaster.master][INFO] 2025-09-12 15:37:10,480: publisherUpdate[/rosout] -> http://Na:41133/ ['http://Na:44333/']: sec=0.01, result=[1, '', 0]
[rosmaster.master][INFO] 2025-09-12 15:37:10,480: publisherUpdate[/rosout] -> http://Na:41133/ []
[rosmaster.master][INFO] 2025-09-12 15:37:10,481: publisherUpdate[/rosout] -> http://Na:41133/ []: sec=0.00, result=[1, '', 0]
[rosmaster.master][INFO] 2025-09-12 15:37:11,386: -PUB [/rosout_agg] /rosout http://Na:41133/
[rosmaster.master][INFO] 2025-09-12 15:37:11,387: -SUB [/rosout] /rosout http://Na:41133/
[rosmaster.master][INFO] 2025-09-12 15:37:11,388: -SERVICE [/rosout/get_loggers] /rosout rosrpc://Na:38455
[rosmaster.master][INFO] 2025-09-12 15:37:11,388: -SERVICE [/rosout/set_logger_level] /rosout rosrpc://Na:38455
[rosmaster.master][INFO] 2025-09-12 15:37:11,390: -CACHEDPARAM [/rosout/omit_topics] by /rosout
[rosmaster.main][INFO] 2025-09-12 15:37:11,482: keyboard interrupt, will exit
[rosmaster.main][INFO] 2025-09-12 15:37:11,483: stopping master...
[rospy.core][INFO] 2025-09-12 15:37:11,486: signal_shutdown [atexit]
