

1757656684.674974200  Node Startup
1757656685.309478759 INFO /rosapi [rosapi_node:202(<module>)] [topics: /rosout] Rosapi started
1757656685.850939273 INFO /rosbridge_websocket [rosbridge_websocket:312(<module>)] [topics: /connected_clients, /rosout, /client_count] Rosbridge WebSocket server started at ws://0.0.0.0:9090
1757657166.181540489 INFO /rosbridge_websocket [autobahn_websocket.py:195(RosbridgeWebSocket.onOpen)] [topics: /connected_clients, /rosout, /client_count] Client connected.  1 clients total.
1757657166.186980009 INFO /rosbridge_websocket [autobahn_websocket.py:195(RosbridgeWebSocket.onOpen)] [topics: /connected_clients, /rosout, /client_count] Client connected.  2 clients total.
1757657348.233869075 INFO /rosbridge_websocket [autobahn_websocket.py:195(RosbridgeWebSocket.onOpen)] [topics: /connected_clients, /rosout, /image_jpeg/compressed, /client_count, /clock] Client connected.  3 clients total.
1757657348.237250804 INFO /rosbridge_websocket [autobahn_websocket.py:195(RosbridgeWebSocket.onOpen)] [topics: /connected_clients, /rosout, /image_jpeg/compressed, /client_count, /clock] Client connected.  4 clients total.
1757657348.241089582 INFO /rosbridge_websocket [autobahn_websocket.py:195(RosbridgeWebSocket.onOpen)] [topics: /connected_clients, /rosout, /image_jpeg/compressed, /client_count, /clock] Client connected.  5 clients total.
1757657348.246289730 INFO /rosbridge_websocket [autobahn_websocket.py:195(RosbridgeWebSocket.onOpen)] [topics: /connected_clients, /rosout, /image_jpeg/compressed, /client_count, /clock] Client connected.  6 clients total.
1757657348.251062870 INFO /rosbridge_websocket [autobahn_websocket.py:195(RosbridgeWebSocket.onOpen)] [topics: /connected_clients, /rosout, /image_jpeg/compressed, /client_count, /clock] Client connected.  7 clients total.
1757657348.254047393 INFO /rosbridge_websocket [autobahn_websocket.py:195(RosbridgeWebSocket.onOpen)] [topics: /connected_clients, /rosout, /image_jpeg/compressed, /client_count, /clock] Client connected.  8 clients total.
1757657348.257128000 INFO /rosbridge_websocket [autobahn_websocket.py:195(RosbridgeWebSocket.onOpen)] [topics: /connected_clients, /rosout, /image_jpeg/compressed, /client_count, /clock] Client connected.  9 clients total.
1757657349.243713140 INFO /rosbridge_websocket [autobahn_websocket.py:195(RosbridgeWebSocket.onOpen)] [topics: /connected_clients, /rosout, /image_jpeg/compressed, /client_count, /clock] Client connected.  10 clients total.
1757657350.233637094 INFO /rosbridge_websocket [protocol.py:403(RosbridgeProtocol.log)] [topics: /ctrl_cmd, /rosout, /CollisionData, /Ego_topic, /connected_clients, /image_jpeg/compressed, /Object_topic, /Competition_topic, /client_count, /clock, /tf] [Client 2] Subscribed to /ctrl_cmd
1757657350.340550899 INFO /rosbridge_websocket [protocol.py:403(RosbridgeProtocol.log)] [topics: /ctrl_cmd, /rosout, /CollisionData, /Ego_topic, /connected_clients, /image_jpeg/compressed, /Object_topic, /Competition_topic, /client_count, /clock, /tf] [Client 9] Advertised service /Service_MoraiEventCmd.
1757659011.691249608 INFO /rosbridge_websocket [autobahn_websocket.py:255(RosbridgeWebSocket.onClose)] [topics: /rosout, /CollisionData, /Ego_topic, /connected_clients, /image_jpeg/compressed, /Object_topic, /Competition_topic, /client_count, /clock, /tf] Client disconnected. 9 clients total.
1757659011.701454401 INFO /rosbridge_websocket [protocol.py:403(RosbridgeProtocol.log)] [topics: /rosout, /CollisionData, /Ego_topic, /connected_clients, /image_jpeg/compressed, /Object_topic, /Competition_topic, /client_count, /clock, /tf] [Client 2] Unsubscribed from /ctrl_cmd
1757659011.707160234 INFO /rosbridge_websocket [autobahn_websocket.py:255(RosbridgeWebSocket.onClose)] [topics: /rosout, /CollisionData, /Ego_topic, /connected_clients, /image_jpeg/compressed, /Object_topic, /Competition_topic, /client_count, /clock, /tf] Client disconnected. 8 clients total.
1757659011.711874485 INFO /rosbridge_websocket [autobahn_websocket.py:255(RosbridgeWebSocket.onClose)] [topics: /rosout, /CollisionData, /Ego_topic, /connected_clients, /image_jpeg/compressed, /Object_topic, /Competition_topic, /client_count, /clock, /tf] Client disconnected. 7 clients total.
1757659011.718086719 INFO /rosbridge_websocket [autobahn_websocket.py:255(RosbridgeWebSocket.onClose)] [topics: /rosout, /CollisionData, /Ego_topic, /connected_clients, /image_jpeg/compressed, /Object_topic, /Competition_topic, /client_count, /clock, /tf] Client disconnected. 6 clients total.
1757659011.722591400 INFO /rosbridge_websocket [autobahn_websocket.py:255(RosbridgeWebSocket.onClose)] [topics: /rosout, /CollisionData, /Ego_topic, /connected_clients, /image_jpeg/compressed, /Object_topic, /Competition_topic, /client_count, /clock, /tf] Client disconnected. 5 clients total.
1757659011.726724863 INFO /rosbridge_websocket [autobahn_websocket.py:255(RosbridgeWebSocket.onClose)] [topics: /rosout, /CollisionData, /Ego_topic, /connected_clients, /image_jpeg/compressed, /Object_topic, /Competition_topic, /client_count, /clock, /tf] Client disconnected. 4 clients total.
1757659011.731613397 INFO /rosbridge_websocket [autobahn_websocket.py:255(RosbridgeWebSocket.onClose)] [topics: /rosout, /CollisionData, /Ego_topic, /connected_clients, /image_jpeg/compressed, /Object_topic, /Competition_topic, /client_count, /clock, /tf] Client disconnected. 3 clients total.
1757659012.707803249 INFO /rosbridge_websocket [protocol.py:403(RosbridgeProtocol.log)] [topics: /rosout, /CollisionData, /Ego_topic, /connected_clients, /image_jpeg/compressed, /Object_topic, /Competition_topic, /client_count, /clock, /tf] [Client 9] Unadvertised service /Service_MoraiEventCmd.
1757659013.015946149 INFO /rosbridge_websocket [autobahn_websocket.py:255(RosbridgeWebSocket.onClose)] [topics: /rosout, /CollisionData, /Ego_topic, /connected_clients, /image_jpeg/compressed, /Object_topic, /Competition_topic, /client_count, /clock, /tf] Client disconnected. 2 clients total.
1757659013.020122766 INFO /rosbridge_websocket [autobahn_websocket.py:255(RosbridgeWebSocket.onClose)] [topics: /rosout, /CollisionData, /Ego_topic, /connected_clients, /image_jpeg/compressed, /Object_topic, /Competition_topic, /client_count, /clock, /tf] Client disconnected. 1 clients total.
1757659013.023233890 INFO /rosbridge_websocket [autobahn_websocket.py:255(RosbridgeWebSocket.onClose)] [topics: /rosout, /CollisionData, /Ego_topic, /connected_clients, /image_jpeg/compressed, /Object_topic, /Competition_topic, /client_count, /clock, /tf] Client disconnected. 0 clients total.
