

1758785374.528817043  Node Startup
1758785400.763153076 INFO /rosapi [rosapi_node:202(<module>)] [topics: /rosout] Rosapi started
1758785400.963608026 INFO /rosbridge_websocket [rosbridge_websocket:312(<module>)] [topics: /rosout, /client_count, /connected_clients] Rosbridge WebSocket server started at ws://0.0.0.0:9090
1758785427.153614521 INFO /rosbridge_websocket [autobahn_websocket.py:195(RosbridgeWebSocket.onOpen)] [topics: /rosout, /client_count, /connected_clients] Client connected.  1 clients total.
1758785427.156972885 INFO /rosbridge_websocket [autobahn_websocket.py:195(RosbridgeWebSocket.onOpen)] [topics: /rosout, /client_count, /connected_clients] Client connected.  2 clients total.
1758785427.160248279 INFO /rosbridge_websocket [autobahn_websocket.py:195(RosbridgeWebSocket.onOpen)] [topics: /rosout, /client_count, /connected_clients] Client connected.  3 clients total.
1758785427.162674427 INFO /rosbridge_websocket [autobahn_websocket.py:195(RosbridgeWebSocket.onOpen)] [topics: /rosout, /client_count, /connected_clients] Client connected.  4 clients total.
1758785427.165481328 INFO /rosbridge_websocket [autobahn_websocket.py:195(RosbridgeWebSocket.onOpen)] [topics: /rosout, /client_count, /connected_clients] Client connected.  5 clients total.
1758785427.168098211 INFO /rosbridge_websocket [autobahn_websocket.py:195(RosbridgeWebSocket.onOpen)] [topics: /rosout, /client_count, /connected_clients] Client connected.  6 clients total.
1758785427.171582937 INFO /rosbridge_websocket [autobahn_websocket.py:195(RosbridgeWebSocket.onOpen)] [topics: /rosout, /client_count, /connected_clients] Client connected.  7 clients total.
1758785427.173871755 INFO /rosbridge_websocket [autobahn_websocket.py:195(RosbridgeWebSocket.onOpen)] [topics: /rosout, /client_count, /connected_clients] Client connected.  8 clients total.
1758785428.155837535 INFO /rosbridge_websocket [autobahn_websocket.py:195(RosbridgeWebSocket.onOpen)] [topics: /rosout, /client_count, /connected_clients] Client connected.  9 clients total.
1758785429.166631460 INFO /rosbridge_websocket [protocol.py:403(RosbridgeProtocol.log)] [topics: /Competition_topic, /Ego_topic, /connected_clients, /rosout, /client_count, /CollisionData, /clock, /tf, /ctrl_cmd, /Object_topic] [Client 6] Subscribed to /ctrl_cmd
1758785429.176983118 INFO /rosbridge_websocket [protocol.py:403(RosbridgeProtocol.log)] [topics: /Competition_topic, /Ego_topic, /connected_clients, /rosout, /client_count, /CollisionData, /clock, /tf, /ctrl_cmd, /Object_topic] [Client 8] Advertised service /Service_MoraiEventCmd.
1758785431.245965719 INFO /rosbridge_websocket [autobahn_websocket.py:195(RosbridgeWebSocket.onOpen)] [topics: /Competition_topic, /Ego_topic, /connected_clients, /rosout, /client_count, /CollisionData, /clock, /tf, /ctrl_cmd, /Object_topic] Client connected.  10 clients total.
1758785611.177295207 INFO /lane_tracking_node [lane_tracking_node.py:72(LaneTrackingNode.__init__)] [topics: /lane/steering_angle, /camera/image_raw, /lane/center_offset, /rosout, /lane_overlay] [lane_tracking] subscribe: /camera/image_raw (compressed=False)
1758785621.087802886 INFO /rosbridge_websocket [protocol.py:403(RosbridgeProtocol.log)] [topics: /Competition_topic, /Ego_topic, /connected_clients, /rosout, /client_count, /CollisionData, /clock, /tf, /image_jpeg/compressed, /Object_topic] [Client 6] Unsubscribed from /ctrl_cmd
1758785621.089531183 INFO /rosbridge_websocket [autobahn_websocket.py:255(RosbridgeWebSocket.onClose)] [topics: /Competition_topic, /Ego_topic, /connected_clients, /rosout, /client_count, /CollisionData, /clock, /tf, /image_jpeg/compressed, /Object_topic] Client disconnected. 9 clients total.
1758785621.095448017 INFO /rosbridge_websocket [autobahn_websocket.py:255(RosbridgeWebSocket.onClose)] [topics: /Competition_topic, /Ego_topic, /connected_clients, /rosout, /client_count, /CollisionData, /clock, /tf, /image_jpeg/compressed, /Object_topic] Client disconnected. 8 clients total.
1758785621.099422693 INFO /rosbridge_websocket [autobahn_websocket.py:255(RosbridgeWebSocket.onClose)] [topics: /Competition_topic, /Ego_topic, /connected_clients, /rosout, /client_count, /CollisionData, /clock, /tf, /image_jpeg/compressed, /Object_topic] Client disconnected. 7 clients total.
1758785621.102880001 INFO /rosbridge_websocket [autobahn_websocket.py:255(RosbridgeWebSocket.onClose)] [topics: /Competition_topic, /Ego_topic, /connected_clients, /rosout, /client_count, /CollisionData, /clock, /tf, /image_jpeg/compressed, /Object_topic] Client disconnected. 6 clients total.
1758785621.122267961 INFO /rosbridge_websocket [autobahn_websocket.py:255(RosbridgeWebSocket.onClose)] [topics: /Competition_topic, /Ego_topic, /connected_clients, /rosout, /client_count, /CollisionData, /clock, /tf, /image_jpeg/compressed, /Object_topic] Client disconnected. 5 clients total.
1758785621.126295328 INFO /rosbridge_websocket [autobahn_websocket.py:255(RosbridgeWebSocket.onClose)] [topics: /Competition_topic, /Ego_topic, /connected_clients, /rosout, /client_count, /CollisionData, /clock, /tf, /image_jpeg/compressed, /Object_topic] Client disconnected. 4 clients total.
1758785621.132788181 INFO /rosbridge_websocket [autobahn_websocket.py:255(RosbridgeWebSocket.onClose)] [topics: /Competition_topic, /Ego_topic, /connected_clients, /rosout, /client_count, /CollisionData, /clock, /tf, /image_jpeg/compressed, /Object_topic] Client disconnected. 3 clients total.
1758785621.135646104 INFO /rosbridge_websocket [autobahn_websocket.py:255(RosbridgeWebSocket.onClose)] [topics: /Competition_topic, /Ego_topic, /connected_clients, /rosout, /client_count, /CollisionData, /clock, /tf, /image_jpeg/compressed, /Object_topic] Client disconnected. 2 clients total.
1758785621.907894372 INFO /rosbridge_websocket [autobahn_websocket.py:195(RosbridgeWebSocket.onOpen)] [topics: /Competition_topic, /Ego_topic, /connected_clients, /rosout, /client_count, /CollisionData, /clock, /tf, /image_jpeg/compressed, /Object_topic] Client connected.  3 clients total.
1758785621.912932157 INFO /rosbridge_websocket [autobahn_websocket.py:195(RosbridgeWebSocket.onOpen)] [topics: /Competition_topic, /Ego_topic, /connected_clients, /rosout, /client_count, /CollisionData, /clock, /tf, /image_jpeg/compressed, /Object_topic] Client connected.  4 clients total.
1758785621.916234254 INFO /rosbridge_websocket [autobahn_websocket.py:195(RosbridgeWebSocket.onOpen)] [topics: /Competition_topic, /Ego_topic, /connected_clients, /rosout, /client_count, /CollisionData, /clock, /tf, /image_jpeg/compressed, /Object_topic] Client connected.  5 clients total.
1758785621.920022010 INFO /rosbridge_websocket [autobahn_websocket.py:195(RosbridgeWebSocket.onOpen)] [topics: /Competition_topic, /Ego_topic, /connected_clients, /rosout, /client_count, /CollisionData, /clock, /tf, /image_jpeg/compressed, /Object_topic] Client connected.  6 clients total.
1758785621.924881458 INFO /rosbridge_websocket [autobahn_websocket.py:195(RosbridgeWebSocket.onOpen)] [topics: /Competition_topic, /Ego_topic, /connected_clients, /rosout, /client_count, /CollisionData, /clock, /tf, /image_jpeg/compressed, /Object_topic] Client connected.  7 clients total.
1758785621.928027391 INFO /rosbridge_websocket [autobahn_websocket.py:195(RosbridgeWebSocket.onOpen)] [topics: /Competition_topic, /Ego_topic, /connected_clients, /rosout, /client_count, /CollisionData, /clock, /tf, /image_jpeg/compressed, /Object_topic] Client connected.  8 clients total.
1758785621.932248353 INFO /rosbridge_websocket [autobahn_websocket.py:195(RosbridgeWebSocket.onOpen)] [topics: /Competition_topic, /Ego_topic, /connected_clients, /rosout, /client_count, /CollisionData, /clock, /tf, /image_jpeg/compressed, /Object_topic] Client connected.  9 clients total.
1758785622.108319282 INFO /rosbridge_websocket [protocol.py:403(RosbridgeProtocol.log)] [topics: /Competition_topic, /Ego_topic, /connected_clients, /rosout, /client_count, /CollisionData, /clock, /tf, /image_jpeg/compressed, /Object_topic] [Client 8] Unadvertised service /Service_MoraiEventCmd.
1758785622.910257816 INFO /rosbridge_websocket [autobahn_websocket.py:195(RosbridgeWebSocket.onOpen)] [topics: /Competition_topic, /Ego_topic, /connected_clients, /rosout, /client_count, /CollisionData, /clock, /tf, /image_jpeg/compressed, /Object_topic] Client connected.  10 clients total.
1758785623.913327217 INFO /rosbridge_websocket [protocol.py:403(RosbridgeProtocol.log)] [topics: /Competition_topic, /Ego_topic, /connected_clients, /rosout, /client_count, /CollisionData, /clock, /tf, /image_jpeg/compressed, /ctrl_cmd, /Object_topic] [Client 17] Advertised service /Service_MoraiEventCmd.
1758785623.916141510 INFO /rosbridge_websocket [protocol.py:403(RosbridgeProtocol.log)] [topics: /Competition_topic, /Ego_topic, /connected_clients, /rosout, /client_count, /CollisionData, /clock, /tf, /image_jpeg/compressed, /ctrl_cmd, /Object_topic] [Client 10] Subscribed to /ctrl_cmd
1758785629.459050655 INFO /rosbridge_websocket [autobahn_websocket.py:255(RosbridgeWebSocket.onClose)] [topics: /Competition_topic, /Ego_topic, /connected_clients, /rosout, /client_count, /CollisionData, /clock, /tf, /image_jpeg/compressed, /Object_topic] Client disconnected. 9 clients total.
1758785629.464057445 INFO /rosbridge_websocket [autobahn_websocket.py:255(RosbridgeWebSocket.onClose)] [topics: /Competition_topic, /Ego_topic, /connected_clients, /rosout, /client_count, /CollisionData, /clock, /tf, /image_jpeg/compressed, /Object_topic] Client disconnected. 8 clients total.
1758785629.465950489 INFO /rosbridge_websocket [protocol.py:403(RosbridgeProtocol.log)] [topics: /Competition_topic, /Ego_topic, /connected_clients, /rosout, /client_count, /CollisionData, /clock, /tf, /image_jpeg/compressed, /Object_topic] [Client 10] Unsubscribed from /ctrl_cmd
1758785629.469252586 INFO /rosbridge_websocket [autobahn_websocket.py:255(RosbridgeWebSocket.onClose)] [topics: /Competition_topic, /Ego_topic, /connected_clients, /rosout, /client_count, /CollisionData, /clock, /tf, /image_jpeg/compressed, /Object_topic] Client disconnected. 7 clients total.
1758785629.484210729 INFO /rosbridge_websocket [autobahn_websocket.py:255(RosbridgeWebSocket.onClose)] [topics: /Competition_topic, /Ego_topic, /connected_clients, /rosout, /client_count, /CollisionData, /clock, /tf, /image_jpeg/compressed, /Object_topic] Client disconnected. 6 clients total.
1758785629.490189552 INFO /rosbridge_websocket [autobahn_websocket.py:255(RosbridgeWebSocket.onClose)] [topics: /Competition_topic, /Ego_topic, /connected_clients, /rosout, /client_count, /CollisionData, /clock, /tf, /image_jpeg/compressed, /Object_topic] Client disconnected. 5 clients total.
1758785629.494678497 INFO /rosbridge_websocket [autobahn_websocket.py:255(RosbridgeWebSocket.onClose)] [topics: /Competition_topic, /Ego_topic, /connected_clients, /rosout, /client_count, /CollisionData, /clock, /tf, /image_jpeg/compressed, /Object_topic] Client disconnected. 4 clients total.
1758785629.513204813 INFO /rosbridge_websocket [autobahn_websocket.py:255(RosbridgeWebSocket.onClose)] [topics: /Competition_topic, /Ego_topic, /connected_clients, /rosout, /client_count, /CollisionData, /clock, /tf, /image_jpeg/compressed, /Object_topic] Client disconnected. 3 clients total.
1758785629.517709016 INFO /rosbridge_websocket [autobahn_websocket.py:255(RosbridgeWebSocket.onClose)] [topics: /Competition_topic, /Ego_topic, /connected_clients, /rosout, /client_count, /CollisionData, /clock, /tf, /image_jpeg/compressed, /Object_topic] Client disconnected. 2 clients total.
1758785630.355088949 INFO /rosbridge_websocket [autobahn_websocket.py:195(RosbridgeWebSocket.onOpen)] [topics: /Competition_topic, /Ego_topic, /connected_clients, /rosout, /client_count, /CollisionData, /clock, /tf, /image_jpeg/compressed, /Object_topic] Client connected.  3 clients total.
1758785630.358697891 INFO /rosbridge_websocket [autobahn_websocket.py:195(RosbridgeWebSocket.onOpen)] [topics: /Competition_topic, /Ego_topic, /connected_clients, /rosout, /client_count, /CollisionData, /clock, /tf, /image_jpeg/compressed, /Object_topic] Client connected.  4 clients total.
1758785630.362016916 INFO /rosbridge_websocket [autobahn_websocket.py:195(RosbridgeWebSocket.onOpen)] [topics: /Competition_topic, /Ego_topic, /connected_clients, /rosout, /client_count, /CollisionData, /clock, /tf, /image_jpeg/compressed, /Object_topic] Client connected.  5 clients total.
1758785630.369136571 INFO /rosbridge_websocket [autobahn_websocket.py:195(RosbridgeWebSocket.onOpen)] [topics: /Competition_topic, /Ego_topic, /connected_clients, /rosout, /client_count, /CollisionData, /clock, /tf, /image_jpeg/compressed, /Object_topic] Client connected.  6 clients total.
1758785630.372912883 INFO /rosbridge_websocket [autobahn_websocket.py:195(RosbridgeWebSocket.onOpen)] [topics: /Competition_topic, /Ego_topic, /connected_clients, /rosout, /client_count, /CollisionData, /clock, /tf, /image_jpeg/compressed, /Object_topic] Client connected.  7 clients total.
1758785630.376175880 INFO /rosbridge_websocket [autobahn_websocket.py:195(RosbridgeWebSocket.onOpen)] [topics: /Competition_topic, /Ego_topic, /connected_clients, /rosout, /client_count, /CollisionData, /clock, /tf, /image_jpeg/compressed, /Object_topic] Client connected.  8 clients total.
1758785630.379844427 INFO /rosbridge_websocket [autobahn_websocket.py:195(RosbridgeWebSocket.onOpen)] [topics: /Competition_topic, /Ego_topic, /connected_clients, /rosout, /client_count, /CollisionData, /clock, /tf, /image_jpeg/compressed, /Object_topic] Client connected.  9 clients total.
1758785630.462166547 INFO /rosbridge_websocket [protocol.py:403(RosbridgeProtocol.log)] [topics: /Competition_topic, /Ego_topic, /connected_clients, /rosout, /client_count, /CollisionData, /clock, /tf, /image_jpeg/compressed, /Object_topic] [Client 17] Unadvertised service /Service_MoraiEventCmd.
1758785631.360105991 INFO /rosbridge_websocket [autobahn_websocket.py:195(RosbridgeWebSocket.onOpen)] [topics: /Competition_topic, /Ego_topic, /connected_clients, /rosout, /client_count, /CollisionData, /clock, /tf, /image_jpeg/compressed, /Object_topic] Client connected.  10 clients total.
1758785632.360044717 INFO /rosbridge_websocket [protocol.py:403(RosbridgeProtocol.log)] [topics: /Competition_topic, /Ego_topic, /connected_clients, /rosout, /client_count, /CollisionData, /clock, /tf, /image_jpeg/compressed, /ctrl_cmd, /Object_topic] [Client 18] Subscribed to /ctrl_cmd
1758785632.362658977 INFO /rosbridge_websocket [protocol.py:403(RosbridgeProtocol.log)] [topics: /Competition_topic, /Ego_topic, /connected_clients, /rosout, /client_count, /CollisionData, /clock, /tf, /image_jpeg/compressed, /ctrl_cmd, /Object_topic] [Client 25] Advertised service /Service_MoraiEventCmd.
1758786424.638961553 INFO /lane_tracking_node [lane_tracking_node.py:72(LaneTrackingNode.__init__)] [topics: /lane/center_offset, /lane/steering_angle, /camera/image_raw, /rosout, /lane_overlay] [lane_tracking] subscribe: /camera/image_raw (compressed=False)
1758786691.016997814 INFO /rosbridge_websocket [autobahn_websocket.py:255(RosbridgeWebSocket.onClose)] [topics: /Competition_topic, /Ego_topic, /connected_clients, /rosout, /client_count, /CollisionData, /clock, /tf, /image_jpeg/compressed, /Object_topic] Client disconnected. 9 clients total.
1758786691.042409181 INFO /rosbridge_websocket [protocol.py:403(RosbridgeProtocol.log)] [topics: /Competition_topic, /Ego_topic, /connected_clients, /rosout, /client_count, /CollisionData, /clock, /tf, /image_jpeg/compressed, /Object_topic] [Client 18] Unsubscribed from /ctrl_cmd
1758786691.053487777 INFO /rosbridge_websocket [autobahn_websocket.py:255(RosbridgeWebSocket.onClose)] [topics: /Competition_topic, /Ego_topic, /connected_clients, /rosout, /client_count, /CollisionData, /clock, /tf, /image_jpeg/compressed, /Object_topic] Client disconnected. 8 clients total.
1758786691.103540658 INFO /rosbridge_websocket [autobahn_websocket.py:255(RosbridgeWebSocket.onClose)] [topics: /Competition_topic, /Ego_topic, /connected_clients, /rosout, /client_count, /CollisionData, /clock, /tf, /image_jpeg/compressed, /Object_topic] Client disconnected. 7 clients total.
1758786691.174179553 INFO /rosbridge_websocket [autobahn_websocket.py:255(RosbridgeWebSocket.onClose)] [topics: /Competition_topic, /Ego_topic, /connected_clients, /rosout, /client_count, /CollisionData, /clock, /tf, /image_jpeg/compressed, /Object_topic] Client disconnected. 6 clients total.
1758786691.220220565 INFO /rosbridge_websocket [autobahn_websocket.py:255(RosbridgeWebSocket.onClose)] [topics: /Competition_topic, /Ego_topic, /connected_clients, /rosout, /client_count, /CollisionData, /clock, /tf, /image_jpeg/compressed, /Object_topic] Client disconnected. 5 clients total.
1758786691.297924518 INFO /rosbridge_websocket [autobahn_websocket.py:255(RosbridgeWebSocket.onClose)] [topics: /Competition_topic, /Ego_topic, /connected_clients, /rosout, /client_count, /CollisionData, /clock, /tf, /image_jpeg/compressed, /Object_topic] Client disconnected. 4 clients total.
1758786691.346740484 INFO /rosbridge_websocket [autobahn_websocket.py:255(RosbridgeWebSocket.onClose)] [topics: /Competition_topic, /Ego_topic, /connected_clients, /rosout, /client_count, /CollisionData, /clock, /tf, /image_jpeg/compressed, /Object_topic] Client disconnected. 3 clients total.
1758786691.904545068 INFO /rosbridge_websocket [autobahn_websocket.py:255(RosbridgeWebSocket.onClose)] [topics: /Competition_topic, /Ego_topic, /connected_clients, /rosout, /client_count, /CollisionData, /clock, /tf, /image_jpeg/compressed, /Object_topic] Client disconnected. 2 clients total.
1758786691.919954776 INFO /rosbridge_websocket [autobahn_websocket.py:255(RosbridgeWebSocket.onClose)] [topics: /Competition_topic, /Ego_topic, /connected_clients, /rosout, /client_count, /CollisionData, /clock, /tf, /image_jpeg/compressed, /Object_topic] Client disconnected. 1 clients total.
1758786691.935781002 INFO /rosbridge_websocket [autobahn_websocket.py:255(RosbridgeWebSocket.onClose)] [topics: /Competition_topic, /Ego_topic, /connected_clients, /rosout, /client_count, /CollisionData, /clock, /tf, /image_jpeg/compressed, /Object_topic] Client disconnected. 0 clients total.
1758786692.070028781 INFO /rosbridge_websocket [protocol.py:403(RosbridgeProtocol.log)] [topics: /Competition_topic, /Ego_topic, /connected_clients, /rosout, /client_count, /CollisionData, /clock, /tf, /image_jpeg/compressed, /Object_topic] [Client 25] Unadvertised service /Service_MoraiEventCmd.
