[rospy.client][INFO] 2025-10-29 16:48:52,152: init_node, name[/rosbridge_websocket], pid[6080]
[xmlrpc][INFO] 2025-10-29 16:48:52,153: XML-RPC server binding to 0.0.0.0:0
[xmlrpc][INFO] 2025-10-29 16:48:52,153: Started XML-RPC server [http://172.22.52.56:44865/]
[rospy.impl.masterslave][INFO] 2025-10-29 16:48:52,154: _ready: http://172.22.52.56:44865/
[rospy.registration][INFO] 2025-10-29 16:48:52,156: Registering with master node http://172.22.52.56:11311
[rospy.init][INFO] 2025-10-29 16:48:52,156: ROS Slave URI: [http://172.22.52.56:44865/]
[xmlrpc][INFO] 2025-10-29 16:48:52,156: xml rpc node: starting XML-RPC server
[rospy.init][INFO] 2025-10-29 16:48:52,157: registered with master
[rospy.rosout][INFO] 2025-10-29 16:48:52,157: initializing /rosout core topic
[rospy.rosout][INFO] 2025-10-29 16:48:52,159: connected to core topic /rosout
[rospy.simtime][INFO] 2025-10-29 16:48:52,161: /use_sim_time is not set, will not subscribe to simulated time [/clock] topic
[rosout][INFO] 2025-10-29 16:48:52,182: Rosbridge WebSocket server started at ws://0.0.0.0:9090
[rospy.internal][INFO] 2025-10-29 16:48:52,442: topic[/rosout] adding connection to [/rosout], count 0
[rosout][INFO] 2025-10-29 16:48:56,124: Client connected.  1 clients total.
[rosout][INFO] 2025-10-29 16:48:56,127: Client connected.  2 clients total.
[rosout][INFO] 2025-10-29 16:48:56,130: Client connected.  3 clients total.
[rosout][INFO] 2025-10-29 16:48:56,133: Client connected.  4 clients total.
[rosout][INFO] 2025-10-29 16:48:56,136: Client connected.  5 clients total.
[rosout][INFO] 2025-10-29 16:48:56,139: Client connected.  6 clients total.
[rosout][INFO] 2025-10-29 16:48:57,123: Client connected.  7 clients total.
[rosout][INFO] 2025-10-29 16:48:58,132: [Client 2] Subscribed to /ctrl_cmd
[rosout][INFO] 2025-10-29 16:48:58,182: [Client 6] Advertised service /Service_MoraiEventCmd.
[rosout][INFO] 2025-10-29 16:49:17,387: Client connected.  8 clients total.
[rospy.internal][INFO] 2025-10-29 16:49:42,879: topic[/image_jpeg/compressed] adding connection to [/rostopic_6217_1761724182701], count 0
[rospy.internal][INFO] 2025-10-29 16:49:50,246: topic[/image_jpeg/compressed] removing connection to /rostopic_6217_1761724182701
[rosout][INFO] 2025-10-29 16:50:06,745: Client disconnected. 7 clients total.
[rosout][INFO] 2025-10-29 16:50:11,209: Client connected.  8 clients total.
[rospy.internal][INFO] 2025-10-29 16:50:15,112: topic[/image_jpeg/compressed] adding connection to [/rostopic_6252_1761724214945], count 0
[rospy.internal][INFO] 2025-10-29 16:50:25,501: topic[/image_jpeg/compressed] removing connection to /rostopic_6252_1761724214945
[rospy.internal][INFO] 2025-10-29 16:51:20,878: topic[/image_jpeg/compressed] adding connection to [/image_republisher_1761724280609032567], count 0
[rospy.internal][INFO] 2025-10-29 16:52:25,806: topic[/rosout] removing connection to /rosout
[rospy.core][INFO] 2025-10-29 16:52:28,753: signal_shutdown [signal-2]
[rospy.registration][WARNING] 2025-10-29 16:52:28,754: cannot unregister with master due to network issues
[rospy.internal][INFO] 2025-10-29 16:52:28,754: topic[/image_jpeg/compressed] removing connection to /image_republisher_1761724280609032567
[rospy.impl.masterslave][INFO] 2025-10-29 16:52:28,755: signal-2
[rospy.rosout][ERROR] 2025-10-29 16:52:29,419: Unable to report rosout: [Errno 111] Connection refused
Traceback (most recent call last):
  File "/opt/ros/noetic/lib/python3/dist-packages/rospy/msproxy.py", line 165, in get_param_cached
    return rospy.impl.paramserver.get_param_server_cache().get(resolved_key)
  File "/opt/ros/noetic/lib/python3/dist-packages/rospy/impl/paramserver.py", line 177, in get
    raise KeyError(key)
KeyError: '/rosout_disable_topics_generation'

During handling of the above exception, another exception occurred:

Traceback (most recent call last):
  File "/opt/ros/noetic/lib/python3/dist-packages/rospy/impl/rosout.py", line 91, in _rosout
    disable_topics_ = rospy.get_param_cached("/rosout_disable_topics_generation", False)
  File "/opt/ros/noetic/lib/python3/dist-packages/rospy/client.py", line 491, in get_param_cached
    return _param_server.get_param_cached(param_name)
  File "/opt/ros/noetic/lib/python3/dist-packages/rospy/msproxy.py", line 168, in get_param_cached
    code, msg, value = self.target.subscribeParam(rospy.names.get_caller_id(), rospy.core.get_node_uri(), resolved_key)
  File "/usr/lib/python3.8/xmlrpc/client.py", line 1109, in __call__
    return self.__send(self.__name, args)
  File "/opt/ros/noetic/lib/python3/dist-packages/rospy/core.py", line 696, in _ServerProxy__request
    return xmlrpcclient.ServerProxy._ServerProxy__request(
  File "/usr/lib/python3.8/xmlrpc/client.py", line 1450, in __request
    response = self.__transport.request(
  File "/usr/lib/python3.8/xmlrpc/client.py", line 1153, in request
    return self.single_request(host, handler, request_body, verbose)
  File "/usr/lib/python3.8/xmlrpc/client.py", line 1165, in single_request
    http_conn = self.send_request(host, handler, request_body, verbose)
  File "/usr/lib/python3.8/xmlrpc/client.py", line 1278, in send_request
    self.send_content(connection, request_body)
  File "/usr/lib/python3.8/xmlrpc/client.py", line 1308, in send_content
    connection.endheaders(request_body)
  File "/usr/lib/python3.8/http/client.py", line 1251, in endheaders
    self._send_output(message_body, encode_chunked=encode_chunked)
  File "/usr/lib/python3.8/http/client.py", line 1011, in _send_output
    self.send(msg)
  File "/usr/lib/python3.8/http/client.py", line 951, in send
    self.connect()
  File "/usr/lib/python3.8/http/client.py", line 922, in connect
    self.sock = self._create_connection(
  File "/usr/lib/python3.8/socket.py", line 808, in create_connection
    raise err
  File "/usr/lib/python3.8/socket.py", line 796, in create_connection
    sock.connect(sa)
ConnectionRefusedError: [Errno 111] Connection refused

[rosout][INFO] 2025-10-29 16:52:29,399: Client disconnected. 7 clients total.
[rospy.rosout][ERROR] 2025-10-29 16:52:29,423: Unable to report rosout: [Errno 111] Connection refused
Traceback (most recent call last):
  File "/opt/ros/noetic/lib/python3/dist-packages/rospy/msproxy.py", line 165, in get_param_cached
    return rospy.impl.paramserver.get_param_server_cache().get(resolved_key)
  File "/opt/ros/noetic/lib/python3/dist-packages/rospy/impl/paramserver.py", line 177, in get
    raise KeyError(key)
KeyError: '/rosout_disable_topics_generation'

During handling of the above exception, another exception occurred:

Traceback (most recent call last):
  File "/opt/ros/noetic/lib/python3/dist-packages/rospy/impl/rosout.py", line 91, in _rosout
    disable_topics_ = rospy.get_param_cached("/rosout_disable_topics_generation", False)
  File "/opt/ros/noetic/lib/python3/dist-packages/rospy/client.py", line 491, in get_param_cached
    return _param_server.get_param_cached(param_name)
  File "/opt/ros/noetic/lib/python3/dist-packages/rospy/msproxy.py", line 168, in get_param_cached
    code, msg, value = self.target.subscribeParam(rospy.names.get_caller_id(), rospy.core.get_node_uri(), resolved_key)
  File "/usr/lib/python3.8/xmlrpc/client.py", line 1109, in __call__
    return self.__send(self.__name, args)
  File "/opt/ros/noetic/lib/python3/dist-packages/rospy/core.py", line 696, in _ServerProxy__request
    return xmlrpcclient.ServerProxy._ServerProxy__request(
  File "/usr/lib/python3.8/xmlrpc/client.py", line 1450, in __request
    response = self.__transport.request(
  File "/usr/lib/python3.8/xmlrpc/client.py", line 1153, in request
    return self.single_request(host, handler, request_body, verbose)
  File "/usr/lib/python3.8/xmlrpc/client.py", line 1165, in single_request
    http_conn = self.send_request(host, handler, request_body, verbose)
  File "/usr/lib/python3.8/xmlrpc/client.py", line 1278, in send_request
    self.send_content(connection, request_body)
  File "/usr/lib/python3.8/xmlrpc/client.py", line 1308, in send_content
    connection.endheaders(request_body)
  File "/usr/lib/python3.8/http/client.py", line 1251, in endheaders
    self._send_output(message_body, encode_chunked=encode_chunked)
  File "/usr/lib/python3.8/http/client.py", line 1011, in _send_output
    self.send(msg)
  File "/usr/lib/python3.8/http/client.py", line 951, in send
    self.connect()
  File "/usr/lib/python3.8/http/client.py", line 922, in connect
    self.sock = self._create_connection(
  File "/usr/lib/python3.8/socket.py", line 808, in create_connection
    raise err
  File "/usr/lib/python3.8/socket.py", line 796, in create_connection
    sock.connect(sa)
ConnectionRefusedError: [Errno 111] Connection refused

[rosout][INFO] 2025-10-29 16:52:29,420: Client disconnected. 6 clients total.
[rospy.rosout][ERROR] 2025-10-29 16:52:29,427: Unable to report rosout: [Errno 111] Connection refused
Traceback (most recent call last):
  File "/opt/ros/noetic/lib/python3/dist-packages/rospy/msproxy.py", line 165, in get_param_cached
    return rospy.impl.paramserver.get_param_server_cache().get(resolved_key)
  File "/opt/ros/noetic/lib/python3/dist-packages/rospy/impl/paramserver.py", line 177, in get
    raise KeyError(key)
KeyError: '/rosout_disable_topics_generation'

During handling of the above exception, another exception occurred:

Traceback (most recent call last):
  File "/opt/ros/noetic/lib/python3/dist-packages/rospy/impl/rosout.py", line 91, in _rosout
    disable_topics_ = rospy.get_param_cached("/rosout_disable_topics_generation", False)
  File "/opt/ros/noetic/lib/python3/dist-packages/rospy/client.py", line 491, in get_param_cached
    return _param_server.get_param_cached(param_name)
  File "/opt/ros/noetic/lib/python3/dist-packages/rospy/msproxy.py", line 168, in get_param_cached
    code, msg, value = self.target.subscribeParam(rospy.names.get_caller_id(), rospy.core.get_node_uri(), resolved_key)
  File "/usr/lib/python3.8/xmlrpc/client.py", line 1109, in __call__
    return self.__send(self.__name, args)
  File "/opt/ros/noetic/lib/python3/dist-packages/rospy/core.py", line 696, in _ServerProxy__request
    return xmlrpcclient.ServerProxy._ServerProxy__request(
  File "/usr/lib/python3.8/xmlrpc/client.py", line 1450, in __request
    response = self.__transport.request(
  File "/usr/lib/python3.8/xmlrpc/client.py", line 1153, in request
    return self.single_request(host, handler, request_body, verbose)
  File "/usr/lib/python3.8/xmlrpc/client.py", line 1165, in single_request
    http_conn = self.send_request(host, handler, request_body, verbose)
  File "/usr/lib/python3.8/xmlrpc/client.py", line 1278, in send_request
    self.send_content(connection, request_body)
  File "/usr/lib/python3.8/xmlrpc/client.py", line 1308, in send_content
    connection.endheaders(request_body)
  File "/usr/lib/python3.8/http/client.py", line 1251, in endheaders
    self._send_output(message_body, encode_chunked=encode_chunked)
  File "/usr/lib/python3.8/http/client.py", line 1011, in _send_output
    self.send(msg)
  File "/usr/lib/python3.8/http/client.py", line 951, in send
    self.connect()
  File "/usr/lib/python3.8/http/client.py", line 922, in connect
    self.sock = self._create_connection(
  File "/usr/lib/python3.8/socket.py", line 808, in create_connection
    raise err
  File "/usr/lib/python3.8/socket.py", line 796, in create_connection
    sock.connect(sa)
ConnectionRefusedError: [Errno 111] Connection refused

[rosout][INFO] 2025-10-29 16:52:29,424: Client disconnected. 5 clients total.
[rospy.rosout][ERROR] 2025-10-29 16:52:29,430: Unable to report rosout: [Errno 111] Connection refused
Traceback (most recent call last):
  File "/opt/ros/noetic/lib/python3/dist-packages/rospy/msproxy.py", line 165, in get_param_cached
    return rospy.impl.paramserver.get_param_server_cache().get(resolved_key)
  File "/opt/ros/noetic/lib/python3/dist-packages/rospy/impl/paramserver.py", line 177, in get
    raise KeyError(key)
KeyError: '/rosout_disable_topics_generation'

During handling of the above exception, another exception occurred:

Traceback (most recent call last):
  File "/opt/ros/noetic/lib/python3/dist-packages/rospy/impl/rosout.py", line 91, in _rosout
    disable_topics_ = rospy.get_param_cached("/rosout_disable_topics_generation", False)
  File "/opt/ros/noetic/lib/python3/dist-packages/rospy/client.py", line 491, in get_param_cached
    return _param_server.get_param_cached(param_name)
  File "/opt/ros/noetic/lib/python3/dist-packages/rospy/msproxy.py", line 168, in get_param_cached
    code, msg, value = self.target.subscribeParam(rospy.names.get_caller_id(), rospy.core.get_node_uri(), resolved_key)
  File "/usr/lib/python3.8/xmlrpc/client.py", line 1109, in __call__
    return self.__send(self.__name, args)
  File "/opt/ros/noetic/lib/python3/dist-packages/rospy/core.py", line 696, in _ServerProxy__request
    return xmlrpcclient.ServerProxy._ServerProxy__request(
  File "/usr/lib/python3.8/xmlrpc/client.py", line 1450, in __request
    response = self.__transport.request(
  File "/usr/lib/python3.8/xmlrpc/client.py", line 1153, in request
    return self.single_request(host, handler, request_body, verbose)
  File "/usr/lib/python3.8/xmlrpc/client.py", line 1165, in single_request
    http_conn = self.send_request(host, handler, request_body, verbose)
  File "/usr/lib/python3.8/xmlrpc/client.py", line 1278, in send_request
    self.send_content(connection, request_body)
  File "/usr/lib/python3.8/xmlrpc/client.py", line 1308, in send_content
    connection.endheaders(request_body)
  File "/usr/lib/python3.8/http/client.py", line 1251, in endheaders
    self._send_output(message_body, encode_chunked=encode_chunked)
  File "/usr/lib/python3.8/http/client.py", line 1011, in _send_output
    self.send(msg)
  File "/usr/lib/python3.8/http/client.py", line 951, in send
    self.connect()
  File "/usr/lib/python3.8/http/client.py", line 922, in connect
    self.sock = self._create_connection(
  File "/usr/lib/python3.8/socket.py", line 808, in create_connection
    raise err
  File "/usr/lib/python3.8/socket.py", line 796, in create_connection
    sock.connect(sa)
ConnectionRefusedError: [Errno 111] Connection refused

[rosout][INFO] 2025-10-29 16:52:29,428: Client disconnected. 4 clients total.
[rospy.rosout][ERROR] 2025-10-29 16:52:29,435: Unable to report rosout: [Errno 111] Connection refused
Traceback (most recent call last):
  File "/opt/ros/noetic/lib/python3/dist-packages/rospy/msproxy.py", line 165, in get_param_cached
    return rospy.impl.paramserver.get_param_server_cache().get(resolved_key)
  File "/opt/ros/noetic/lib/python3/dist-packages/rospy/impl/paramserver.py", line 177, in get
    raise KeyError(key)
KeyError: '/rosout_disable_topics_generation'

During handling of the above exception, another exception occurred:

Traceback (most recent call last):
  File "/opt/ros/noetic/lib/python3/dist-packages/rospy/impl/rosout.py", line 91, in _rosout
    disable_topics_ = rospy.get_param_cached("/rosout_disable_topics_generation", False)
  File "/opt/ros/noetic/lib/python3/dist-packages/rospy/client.py", line 491, in get_param_cached
    return _param_server.get_param_cached(param_name)
  File "/opt/ros/noetic/lib/python3/dist-packages/rospy/msproxy.py", line 168, in get_param_cached
    code, msg, value = self.target.subscribeParam(rospy.names.get_caller_id(), rospy.core.get_node_uri(), resolved_key)
  File "/usr/lib/python3.8/xmlrpc/client.py", line 1109, in __call__
    return self.__send(self.__name, args)
  File "/opt/ros/noetic/lib/python3/dist-packages/rospy/core.py", line 696, in _ServerProxy__request
    return xmlrpcclient.ServerProxy._ServerProxy__request(
  File "/usr/lib/python3.8/xmlrpc/client.py", line 1450, in __request
    response = self.__transport.request(
  File "/usr/lib/python3.8/xmlrpc/client.py", line 1153, in request
    return self.single_request(host, handler, request_body, verbose)
  File "/usr/lib/python3.8/xmlrpc/client.py", line 1165, in single_request
    http_conn = self.send_request(host, handler, request_body, verbose)
  File "/usr/lib/python3.8/xmlrpc/client.py", line 1278, in send_request
    self.send_content(connection, request_body)
  File "/usr/lib/python3.8/xmlrpc/client.py", line 1308, in send_content
    connection.endheaders(request_body)
  File "/usr/lib/python3.8/http/client.py", line 1251, in endheaders
    self._send_output(message_body, encode_chunked=encode_chunked)
  File "/usr/lib/python3.8/http/client.py", line 1011, in _send_output
    self.send(msg)
  File "/usr/lib/python3.8/http/client.py", line 951, in send
    self.connect()
  File "/usr/lib/python3.8/http/client.py", line 922, in connect
    self.sock = self._create_connection(
  File "/usr/lib/python3.8/socket.py", line 808, in create_connection
    raise err
  File "/usr/lib/python3.8/socket.py", line 796, in create_connection
    sock.connect(sa)
ConnectionRefusedError: [Errno 111] Connection refused

[rosout][INFO] 2025-10-29 16:52:29,433: Client disconnected. 3 clients total.
[rospy.rosout][ERROR] 2025-10-29 16:52:29,439: Unable to report rosout: [Errno 111] Connection refused
Traceback (most recent call last):
  File "/opt/ros/noetic/lib/python3/dist-packages/rospy/msproxy.py", line 165, in get_param_cached
    return rospy.impl.paramserver.get_param_server_cache().get(resolved_key)
  File "/opt/ros/noetic/lib/python3/dist-packages/rospy/impl/paramserver.py", line 177, in get
    raise KeyError(key)
KeyError: '/rosout_disable_topics_generation'

During handling of the above exception, another exception occurred:

Traceback (most recent call last):
  File "/opt/ros/noetic/lib/python3/dist-packages/rospy/impl/rosout.py", line 91, in _rosout
    disable_topics_ = rospy.get_param_cached("/rosout_disable_topics_generation", False)
  File "/opt/ros/noetic/lib/python3/dist-packages/rospy/client.py", line 491, in get_param_cached
    return _param_server.get_param_cached(param_name)
  File "/opt/ros/noetic/lib/python3/dist-packages/rospy/msproxy.py", line 168, in get_param_cached
    code, msg, value = self.target.subscribeParam(rospy.names.get_caller_id(), rospy.core.get_node_uri(), resolved_key)
  File "/usr/lib/python3.8/xmlrpc/client.py", line 1109, in __call__
    return self.__send(self.__name, args)
  File "/opt/ros/noetic/lib/python3/dist-packages/rospy/core.py", line 696, in _ServerProxy__request
    return xmlrpcclient.ServerProxy._ServerProxy__request(
  File "/usr/lib/python3.8/xmlrpc/client.py", line 1450, in __request
    response = self.__transport.request(
  File "/usr/lib/python3.8/xmlrpc/client.py", line 1153, in request
    return self.single_request(host, handler, request_body, verbose)
  File "/usr/lib/python3.8/xmlrpc/client.py", line 1165, in single_request
    http_conn = self.send_request(host, handler, request_body, verbose)
  File "/usr/lib/python3.8/xmlrpc/client.py", line 1278, in send_request
    self.send_content(connection, request_body)
  File "/usr/lib/python3.8/xmlrpc/client.py", line 1308, in send_content
    connection.endheaders(request_body)
  File "/usr/lib/python3.8/http/client.py", line 1251, in endheaders
    self._send_output(message_body, encode_chunked=encode_chunked)
  File "/usr/lib/python3.8/http/client.py", line 1011, in _send_output
    self.send(msg)
  File "/usr/lib/python3.8/http/client.py", line 951, in send
    self.connect()
  File "/usr/lib/python3.8/http/client.py", line 922, in connect
    self.sock = self._create_connection(
  File "/usr/lib/python3.8/socket.py", line 808, in create_connection
    raise err
  File "/usr/lib/python3.8/socket.py", line 796, in create_connection
    sock.connect(sa)
ConnectionRefusedError: [Errno 111] Connection refused

[rosout][INFO] 2025-10-29 16:52:29,436: Client disconnected. 2 clients total.
[rospy.rosout][ERROR] 2025-10-29 16:52:29,443: Unable to report rosout: [Errno 111] Connection refused
Traceback (most recent call last):
  File "/opt/ros/noetic/lib/python3/dist-packages/rospy/msproxy.py", line 165, in get_param_cached
    return rospy.impl.paramserver.get_param_server_cache().get(resolved_key)
  File "/opt/ros/noetic/lib/python3/dist-packages/rospy/impl/paramserver.py", line 177, in get
    raise KeyError(key)
KeyError: '/rosout_disable_topics_generation'

During handling of the above exception, another exception occurred:

Traceback (most recent call last):
  File "/opt/ros/noetic/lib/python3/dist-packages/rospy/impl/rosout.py", line 91, in _rosout
    disable_topics_ = rospy.get_param_cached("/rosout_disable_topics_generation", False)
  File "/opt/ros/noetic/lib/python3/dist-packages/rospy/client.py", line 491, in get_param_cached
    return _param_server.get_param_cached(param_name)
  File "/opt/ros/noetic/lib/python3/dist-packages/rospy/msproxy.py", line 168, in get_param_cached
    code, msg, value = self.target.subscribeParam(rospy.names.get_caller_id(), rospy.core.get_node_uri(), resolved_key)
  File "/usr/lib/python3.8/xmlrpc/client.py", line 1109, in __call__
    return self.__send(self.__name, args)
  File "/opt/ros/noetic/lib/python3/dist-packages/rospy/core.py", line 696, in _ServerProxy__request
    return xmlrpcclient.ServerProxy._ServerProxy__request(
  File "/usr/lib/python3.8/xmlrpc/client.py", line 1450, in __request
    response = self.__transport.request(
  File "/usr/lib/python3.8/xmlrpc/client.py", line 1153, in request
    return self.single_request(host, handler, request_body, verbose)
  File "/usr/lib/python3.8/xmlrpc/client.py", line 1165, in single_request
    http_conn = self.send_request(host, handler, request_body, verbose)
  File "/usr/lib/python3.8/xmlrpc/client.py", line 1278, in send_request
    self.send_content(connection, request_body)
  File "/usr/lib/python3.8/xmlrpc/client.py", line 1308, in send_content
    connection.endheaders(request_body)
  File "/usr/lib/python3.8/http/client.py", line 1251, in endheaders
    self._send_output(message_body, encode_chunked=encode_chunked)
  File "/usr/lib/python3.8/http/client.py", line 1011, in _send_output
    self.send(msg)
  File "/usr/lib/python3.8/http/client.py", line 951, in send
    self.connect()
  File "/usr/lib/python3.8/http/client.py", line 922, in connect
    self.sock = self._create_connection(
  File "/usr/lib/python3.8/socket.py", line 808, in create_connection
    raise err
  File "/usr/lib/python3.8/socket.py", line 796, in create_connection
    sock.connect(sa)
ConnectionRefusedError: [Errno 111] Connection refused

[rosout][INFO] 2025-10-29 16:52:29,440: Client disconnected. 1 clients total.
[rospy.rosout][ERROR] 2025-10-29 16:52:29,446: Unable to report rosout: [Errno 111] Connection refused
Traceback (most recent call last):
  File "/opt/ros/noetic/lib/python3/dist-packages/rospy/msproxy.py", line 165, in get_param_cached
    return rospy.impl.paramserver.get_param_server_cache().get(resolved_key)
  File "/opt/ros/noetic/lib/python3/dist-packages/rospy/impl/paramserver.py", line 177, in get
    raise KeyError(key)
KeyError: '/rosout_disable_topics_generation'

During handling of the above exception, another exception occurred:

Traceback (most recent call last):
  File "/opt/ros/noetic/lib/python3/dist-packages/rospy/impl/rosout.py", line 91, in _rosout
    disable_topics_ = rospy.get_param_cached("/rosout_disable_topics_generation", False)
  File "/opt/ros/noetic/lib/python3/dist-packages/rospy/client.py", line 491, in get_param_cached
    return _param_server.get_param_cached(param_name)
  File "/opt/ros/noetic/lib/python3/dist-packages/rospy/msproxy.py", line 168, in get_param_cached
    code, msg, value = self.target.subscribeParam(rospy.names.get_caller_id(), rospy.core.get_node_uri(), resolved_key)
  File "/usr/lib/python3.8/xmlrpc/client.py", line 1109, in __call__
    return self.__send(self.__name, args)
  File "/opt/ros/noetic/lib/python3/dist-packages/rospy/core.py", line 696, in _ServerProxy__request
    return xmlrpcclient.ServerProxy._ServerProxy__request(
  File "/usr/lib/python3.8/xmlrpc/client.py", line 1450, in __request
    response = self.__transport.request(
  File "/usr/lib/python3.8/xmlrpc/client.py", line 1153, in request
    return self.single_request(host, handler, request_body, verbose)
  File "/usr/lib/python3.8/xmlrpc/client.py", line 1165, in single_request
    http_conn = self.send_request(host, handler, request_body, verbose)
  File "/usr/lib/python3.8/xmlrpc/client.py", line 1278, in send_request
    self.send_content(connection, request_body)
  File "/usr/lib/python3.8/xmlrpc/client.py", line 1308, in send_content
    connection.endheaders(request_body)
  File "/usr/lib/python3.8/http/client.py", line 1251, in endheaders
    self._send_output(message_body, encode_chunked=encode_chunked)
  File "/usr/lib/python3.8/http/client.py", line 1011, in _send_output
    self.send(msg)
  File "/usr/lib/python3.8/http/client.py", line 951, in send
    self.connect()
  File "/usr/lib/python3.8/http/client.py", line 922, in connect
    self.sock = self._create_connection(
  File "/usr/lib/python3.8/socket.py", line 808, in create_connection
    raise err
  File "/usr/lib/python3.8/socket.py", line 796, in create_connection
    sock.connect(sa)
ConnectionRefusedError: [Errno 111] Connection refused

[rosout][INFO] 2025-10-29 16:52:29,444: Client disconnected. 0 clients total.
[rospy.core][INFO] 2025-10-29 16:52:29,447: signal_shutdown [atexit]
