

1758170079.117255367  Node Startup
1758170129.163821458 INFO /rosapi [rosapi_node:202(<module>)] [topics: /rosout] Rosapi started
1758170129.384100198 INFO /rosbridge_websocket [rosbridge_websocket:312(<module>)] [topics: /connected_clients, /client_count, /rosout] Rosbridge WebSocket server started at ws://0.0.0.0:9090
1758170307.229299545 INFO /rosbridge_websocket [autobahn_websocket.py:195(RosbridgeWebSocket.onOpen)] [topics: /connected_clients, /client_count, /rosout] Client connected.  1 clients total.
1758170307.232264995 INFO /rosbridge_websocket [autobahn_websocket.py:195(RosbridgeWebSocket.onOpen)] [topics: /connected_clients, /client_count, /rosout] Client connected.  2 clients total.
1758170307.234899044 INFO /rosbridge_websocket [autobahn_websocket.py:195(RosbridgeWebSocket.onOpen)] [topics: /connected_clients, /client_count, /rosout] Client connected.  3 clients total.
1758170307.239516258 INFO /rosbridge_websocket [autobahn_websocket.py:195(RosbridgeWebSocket.onOpen)] [topics: /connected_clients, /client_count, /rosout] Client connected.  4 clients total.
1758170307.242262125 INFO /rosbridge_websocket [autobahn_websocket.py:195(RosbridgeWebSocket.onOpen)] [topics: /connected_clients, /client_count, /rosout] Client connected.  5 clients total.
1758170307.244699239 INFO /rosbridge_websocket [autobahn_websocket.py:195(RosbridgeWebSocket.onOpen)] [topics: /connected_clients, /client_count, /rosout] Client connected.  6 clients total.
1758170307.248605012 INFO /rosbridge_websocket [autobahn_websocket.py:195(RosbridgeWebSocket.onOpen)] [topics: /connected_clients, /client_count, /rosout] Client connected.  7 clients total.
1758170307.251028299 INFO /rosbridge_websocket [autobahn_websocket.py:195(RosbridgeWebSocket.onOpen)] [topics: /connected_clients, /client_count, /rosout] Client connected.  8 clients total.
1758170308.227179288 INFO /rosbridge_websocket [autobahn_websocket.py:195(RosbridgeWebSocket.onOpen)] [topics: /connected_clients, /client_count, /rosout] Client connected.  9 clients total.
1758170309.250106811 INFO /rosbridge_websocket [protocol.py:403(RosbridgeProtocol.log)] [topics: /clock, /rosout, /tf, /ctrl_cmd, /connected_clients, /CollisionData, /Competition_topic, /Object_topic, /Ego_topic, /client_count] [Client 6] Subscribed to /ctrl_cmd
1758170309.301864624 INFO /rosbridge_websocket [protocol.py:403(RosbridgeProtocol.log)] [topics: /clock, /rosout, /tf, /ctrl_cmd, /connected_clients, /CollisionData, /Competition_topic, /Object_topic, /Ego_topic, /client_count] [Client 8] Advertised service /Service_MoraiEventCmd.
1758170312.205880641 INFO /rosbridge_websocket [autobahn_websocket.py:195(RosbridgeWebSocket.onOpen)] [topics: /clock, /rosout, /tf, /ctrl_cmd, /connected_clients, /CollisionData, /Competition_topic, /Object_topic, /Ego_topic, /client_count] Client connected.  10 clients total.
1758170358.532513618 INFO /rosbridge_websocket [protocol.py:403(RosbridgeProtocol.log)] [topics: /clock, /rosout, /tf, /image_jpeg/compressed, /connected_clients, /CollisionData, /Competition_topic, /Object_topic, /Ego_topic, /client_count] [Client 6] Unsubscribed from /ctrl_cmd
1758170358.534308195 INFO /rosbridge_websocket [autobahn_websocket.py:255(RosbridgeWebSocket.onClose)] [topics: /clock, /rosout, /tf, /image_jpeg/compressed, /connected_clients, /CollisionData, /Competition_topic, /Object_topic, /Ego_topic, /client_count] Client disconnected. 9 clients total.
1758170358.540718793 INFO /rosbridge_websocket [autobahn_websocket.py:255(RosbridgeWebSocket.onClose)] [topics: /clock, /rosout, /tf, /image_jpeg/compressed, /connected_clients, /CollisionData, /Competition_topic, /Object_topic, /Ego_topic, /client_count] Client disconnected. 8 clients total.
1758170358.543661355 INFO /rosbridge_websocket [autobahn_websocket.py:255(RosbridgeWebSocket.onClose)] [topics: /clock, /rosout, /tf, /image_jpeg/compressed, /connected_clients, /CollisionData, /Competition_topic, /Object_topic, /Ego_topic, /client_count] Client disconnected. 7 clients total.
1758170358.547600984 INFO /rosbridge_websocket [autobahn_websocket.py:255(RosbridgeWebSocket.onClose)] [topics: /clock, /rosout, /tf, /image_jpeg/compressed, /connected_clients, /CollisionData, /Competition_topic, /Object_topic, /Ego_topic, /client_count] Client disconnected. 6 clients total.
1758170358.550438642 INFO /rosbridge_websocket [autobahn_websocket.py:255(RosbridgeWebSocket.onClose)] [topics: /clock, /rosout, /tf, /image_jpeg/compressed, /connected_clients, /CollisionData, /Competition_topic, /Object_topic, /Ego_topic, /client_count] Client disconnected. 5 clients total.
1758170358.553353071 INFO /rosbridge_websocket [autobahn_websocket.py:255(RosbridgeWebSocket.onClose)] [topics: /clock, /rosout, /tf, /image_jpeg/compressed, /connected_clients, /CollisionData, /Competition_topic, /Object_topic, /Ego_topic, /client_count] Client disconnected. 4 clients total.
1758170358.556712150 INFO /rosbridge_websocket [autobahn_websocket.py:255(RosbridgeWebSocket.onClose)] [topics: /clock, /rosout, /tf, /image_jpeg/compressed, /connected_clients, /CollisionData, /Competition_topic, /Object_topic, /Ego_topic, /client_count] Client disconnected. 3 clients total.
1758170359.541996955 INFO /rosbridge_websocket [protocol.py:403(RosbridgeProtocol.log)] [topics: /clock, /rosout, /tf, /image_jpeg/compressed, /connected_clients, /CollisionData, /Competition_topic, /Object_topic, /Ego_topic, /client_count] [Client 8] Unadvertised service /Service_MoraiEventCmd.
1758170359.810680627 INFO /rosbridge_websocket [autobahn_websocket.py:255(RosbridgeWebSocket.onClose)] [topics: /clock, /rosout, /tf, /image_jpeg/compressed, /connected_clients, /CollisionData, /Competition_topic, /Object_topic, /Ego_topic, /client_count] Client disconnected. 2 clients total.
1758170359.813604831 INFO /rosbridge_websocket [autobahn_websocket.py:255(RosbridgeWebSocket.onClose)] [topics: /clock, /rosout, /tf, /image_jpeg/compressed, /connected_clients, /CollisionData, /Competition_topic, /Object_topic, /Ego_topic, /client_count] Client disconnected. 1 clients total.
1758170359.816915035 INFO /rosbridge_websocket [autobahn_websocket.py:255(RosbridgeWebSocket.onClose)] [topics: /clock, /rosout, /tf, /image_jpeg/compressed, /connected_clients, /CollisionData, /Competition_topic, /Object_topic, /Ego_topic, /client_count] Client disconnected. 0 clients total.
